Component: ARM Compiler 5.06 update 6 (build 750) Tool: armlink [4d35ed]

==============================================================================

Section Cross References

    stm32f4xx_hal_flash_ex.o(i.FLASH_OB_DisableWRP) refers to stm32f4xx_hal_flash.o(i.FLASH_WaitForLastOperation) for FLASH_WaitForLastOperation
    stm32f4xx_hal_flash_ex.o(i.FLASH_OB_EnableWRP) refers to stm32f4xx_hal_flash.o(i.FLASH_WaitForLastOperation) for FLASH_WaitForLastOperation
    stm32f4xx_hal_flash_ex.o(i.HAL_FLASHEx_AdvOBProgram) refers to stm32f4xx_hal_flash.o(i.FLASH_WaitForLastOperation) for FLASH_WaitForLastOperation
    stm32f4xx_hal_flash_ex.o(i.HAL_FLASHEx_Erase) refers to stm32f4xx_hal_flash.o(i.FLASH_WaitForLastOperation) for FLASH_WaitForLastOperation
    stm32f4xx_hal_flash_ex.o(i.HAL_FLASHEx_Erase) refers to stm32f4xx_hal_flash_ex.o(i.FLASH_MassErase) for FLASH_MassErase
    stm32f4xx_hal_flash_ex.o(i.HAL_FLASHEx_Erase) refers to stm32f4xx_hal_flash_ex.o(i.FLASH_Erase_Sector) for FLASH_Erase_Sector
    stm32f4xx_hal_flash_ex.o(i.HAL_FLASHEx_Erase) refers to stm32f4xx_hal_flash_ex.o(i.FLASH_FlushCaches) for FLASH_FlushCaches
    stm32f4xx_hal_flash_ex.o(i.HAL_FLASHEx_Erase) refers to stm32f4xx_hal_flash.o(.bss) for pFlash
    stm32f4xx_hal_flash_ex.o(i.HAL_FLASHEx_Erase_IT) refers to stm32f4xx_hal_flash_ex.o(i.FLASH_Erase_Sector) for FLASH_Erase_Sector
    stm32f4xx_hal_flash_ex.o(i.HAL_FLASHEx_Erase_IT) refers to stm32f4xx_hal_flash_ex.o(i.FLASH_MassErase) for FLASH_MassErase
    stm32f4xx_hal_flash_ex.o(i.HAL_FLASHEx_Erase_IT) refers to stm32f4xx_hal_flash.o(.bss) for pFlash
    stm32f4xx_hal_flash_ex.o(i.HAL_FLASHEx_OBProgram) refers to stm32f4xx_hal_flash_ex.o(i.FLASH_OB_DisableWRP) for FLASH_OB_DisableWRP
    stm32f4xx_hal_flash_ex.o(i.HAL_FLASHEx_OBProgram) refers to stm32f4xx_hal_flash.o(i.FLASH_WaitForLastOperation) for FLASH_WaitForLastOperation
    stm32f4xx_hal_flash_ex.o(i.HAL_FLASHEx_OBProgram) refers to stm32f4xx_hal_flash_ex.o(i.FLASH_OB_EnableWRP) for FLASH_OB_EnableWRP
    stm32f4xx_hal_flash_ex.o(i.HAL_FLASHEx_OBProgram) refers to stm32f4xx_hal_flash.o(.bss) for pFlash
    stm32f4xx_hal_uart.o(i.HAL_HalfDuplex_Init) refers to usart.o(i.HAL_UART_MspInit) for HAL_UART_MspInit
    stm32f4xx_hal_uart.o(i.HAL_HalfDuplex_Init) refers to stm32f4xx_hal_uart.o(i.UART_SetConfig) for UART_SetConfig
    stm32f4xx_hal_uart.o(i.HAL_LIN_Init) refers to usart.o(i.HAL_UART_MspInit) for HAL_UART_MspInit
    stm32f4xx_hal_uart.o(i.HAL_LIN_Init) refers to stm32f4xx_hal_uart.o(i.UART_SetConfig) for UART_SetConfig
    stm32f4xx_hal_uart.o(i.HAL_MultiProcessor_Init) refers to usart.o(i.HAL_UART_MspInit) for HAL_UART_MspInit
    stm32f4xx_hal_uart.o(i.HAL_MultiProcessor_Init) refers to stm32f4xx_hal_uart.o(i.UART_SetConfig) for UART_SetConfig
    stm32f4xx_hal_uart.o(i.HAL_UART_Abort) refers to stm32f4xx_hal_dma.o(i.HAL_DMA_Abort) for HAL_DMA_Abort
    stm32f4xx_hal_uart.o(i.HAL_UART_AbortReceive) refers to stm32f4xx_hal_dma.o(i.HAL_DMA_Abort) for HAL_DMA_Abort
    stm32f4xx_hal_uart.o(i.HAL_UART_AbortReceive_IT) refers to stm32f4xx_hal_dma.o(i.HAL_DMA_Abort_IT) for HAL_DMA_Abort_IT
    stm32f4xx_hal_uart.o(i.HAL_UART_AbortReceive_IT) refers to stm32f4xx_hal_uart.o(i.HAL_UART_AbortReceiveCpltCallback) for HAL_UART_AbortReceiveCpltCallback
    stm32f4xx_hal_uart.o(i.HAL_UART_AbortReceive_IT) refers to stm32f4xx_hal_uart.o(i.UART_DMARxOnlyAbortCallback) for UART_DMARxOnlyAbortCallback
    stm32f4xx_hal_uart.o(i.HAL_UART_AbortTransmit) refers to stm32f4xx_hal_dma.o(i.HAL_DMA_Abort) for HAL_DMA_Abort
    stm32f4xx_hal_uart.o(i.HAL_UART_AbortTransmit_IT) refers to stm32f4xx_hal_dma.o(i.HAL_DMA_Abort_IT) for HAL_DMA_Abort_IT
    stm32f4xx_hal_uart.o(i.HAL_UART_AbortTransmit_IT) refers to stm32f4xx_hal_uart.o(i.HAL_UART_AbortTransmitCpltCallback) for HAL_UART_AbortTransmitCpltCallback
    stm32f4xx_hal_uart.o(i.HAL_UART_AbortTransmit_IT) refers to stm32f4xx_hal_uart.o(i.UART_DMATxOnlyAbortCallback) for UART_DMATxOnlyAbortCallback
    stm32f4xx_hal_uart.o(i.HAL_UART_Abort_IT) refers to stm32f4xx_hal_dma.o(i.HAL_DMA_Abort_IT) for HAL_DMA_Abort_IT
    stm32f4xx_hal_uart.o(i.HAL_UART_Abort_IT) refers to stm32f4xx_hal_uart.o(i.HAL_UART_AbortCpltCallback) for HAL_UART_AbortCpltCallback
    stm32f4xx_hal_uart.o(i.HAL_UART_Abort_IT) refers to stm32f4xx_hal_uart.o(i.UART_DMATxAbortCallback) for UART_DMATxAbortCallback
    stm32f4xx_hal_uart.o(i.HAL_UART_Abort_IT) refers to stm32f4xx_hal_uart.o(i.UART_DMARxAbortCallback) for UART_DMARxAbortCallback
    stm32f4xx_hal_uart.o(i.HAL_UART_DMAStop) refers to stm32f4xx_hal_dma.o(i.HAL_DMA_Abort) for HAL_DMA_Abort
    stm32f4xx_hal_uart.o(i.HAL_UART_DMAStop) refers to stm32f4xx_hal_uart.o(i.UART_EndTxTransfer) for UART_EndTxTransfer
    stm32f4xx_hal_uart.o(i.HAL_UART_DMAStop) refers to stm32f4xx_hal_uart.o(i.UART_EndRxTransfer) for UART_EndRxTransfer
    stm32f4xx_hal_uart.o(i.HAL_UART_DeInit) refers to usart.o(i.HAL_UART_MspDeInit) for HAL_UART_MspDeInit
[...]
    __func__                                 0x0800cf28   Data          20  ad9361.o(.constdata)
    __func__                                 0x0800cf3c   Data          22  ad9361.o(.constdata)
    __func__                                 0x0800cf52   Data          20  ad9361.o(.constdata)
    __func__                                 0x0800cf66   Data          20  ad9361.o(.constdata)
    __func__                                 0x0800cf7a   Data          33  ad9361.o(.constdata)
    __func__                                 0x0800cf9b   Data          33  ad9361.o(.constdata)
    __func__                                 0x0800cfbc   Data          33  ad9361.o(.constdata)
    __func__                                 0x0800cfdd   Data          27  ad9361.o(.constdata)
    __func__                                 0x0800cff8   Data          26  ad9361.o(.constdata)
    __func__                                 0x0800d012   Data          26  ad9361.o(.constdata)
    __func__                                 0x0800d02c   Data          29  ad9361.o(.constdata)
    __func__                                 0x0800d049   Data          28  ad9361.o(.constdata)
    __func__                                 0x0800d065   Data          21  ad9361.o(.constdata)
    __func__                                 0x0800d07a   Data          24  ad9361.o(.constdata)
    __func__                                 0x0800d092   Data          27  ad9361.o(.constdata)
    __func__                                 0x0800d0ad   Data          26  ad9361.o(.constdata)
    __func__                                 0x0800d0c7   Data          26  ad9361.o(.constdata)
    __func__                                 0x0800d0e1   Data          26  ad9361.o(.constdata)
    __func__                                 0x0800d0fb   Data          21  ad9361.o(.constdata)
    __func__                                 0x0800d110   Data          19  ad9361.o(.constdata)
    __func__                                 0x0800d123   Data          21  ad9361.o(.constdata)
    __func__                                 0x0800d138   Data          21  ad9361.o(.constdata)
    __func__                                 0x0800d14d   Data          21  ad9361.o(.constdata)
    __func__                                 0x0800d162   Data          16  ad9361.o(.constdata)
    __func__                                 0x0800d172   Data          18  ad9361.o(.constdata)
    __func__                                 0x0800d184   Data          20  ad9361.o(.constdata)
    __func__                                 0x0800d198   Data          20  ad9361.o(.constdata)
    __func__                                 0x0800d1ac   Data          23  ad9361.o(.constdata)
    __func__                                 0x0800d1c3   Data          17  ad9361.o(.constdata)
    __func__                                 0x0800d1d4   Data          18  ad9361.o(.constdata)
    __func__                                 0x0800d1e6   Data          32  ad9361.o(.constdata)
    __func__                                 0x0800d206   Data          27  ad9361.o(.constdata)
    __func__                                 0x0800d221   Data          32  ad9361.o(.constdata)
    __func__                                 0x0800d260   Data          21  ad9361.o(.constdata)
    __func__                                 0x0800d275   Data          22  ad9361.o(.constdata)
    __func__                                 0x0800d28b   Data          24  ad9361.o(.constdata)
    __func__                                 0x0800d2a3   Data          23  ad9361.o(.constdata)
    __func__                                 0x0800d2ba   Data          21  ad9361.o(.constdata)
    __func__                                 0x0800d2cf   Data          11  ad9361.o(.constdata)
    __func__                                 0x0800d2da   Data          13  ad9361.o(.constdata)
    __func__                                 0x0800d2e7   Data          20  ad9361.o(.constdata)
    __func__                                 0x0800d2fb   Data          30  ad9361.o(.constdata)
    __func__                                 0x0800d319   Data          28  ad9361.o(.constdata)
    __func__                                 0x0800d335   Data          27  ad9361.o(.constdata)
    __func__                                 0x0800d350   Data          29  ad9361.o(.constdata)
    __func__                                 0x0800d36d   Data          27  ad9361.o(.constdata)
    __func__                                 0x0800d388   Data          22  ad9361.o(.constdata)
    __func__                                 0x0800d39e   Data          29  ad9361.o(.constdata)
    __func__                                 0x0800d3bb   Data          28  ad9361.o(.constdata)
    __func__                                 0x0800d3d7   Data          26  ad9361.o(.constdata)
    __func__                                 0x0800d3f1   Data          22  ad9361.o(.constdata)
    __func__                                 0x0800d407   Data          26  ad9361.o(.constdata)
    .constdata                               0x0800d421   Section        1  command.o(.constdata)
    .constdata                               0x0800d422   Section       64  ctype_c.o(.constdata)
    .conststring                             0x0800d464   Section      159  ad9361.o(.conststring)
    .conststring                             0x0800d504   Section     1429  command.o(.conststring)
    .data                                    0x20000000   Section        4  stm32f4xx_hal.o(.data)
    .data                                    0x20000004   Section        4  system_stm32f4xx.o(.data)
    .data                                    0x20000008   Section     1136  main.o(.data)
    .data                                    0x20000478   Section        4  delay.o(.data)
    fac_us                                   0x20000478   Data           4  delay.o(.data)
    .data                                    0x2000047c   Section      480  command.o(.data)
    .data                                    0x2000065c   Section       17  console.o(.data)
    buffer                                   0x2000065c   Data          17  console.o(.data)
    .data                                    0x20000670   Section        4  stdout.o(.data)
    .data                                    0x20000674   Section        4  mvars.o(.data)
    .data                                    0x20000678   Section        4  mvars.o(.data)
    .data                                    0x2000067c   Section        4  errno.o(.data)
    _errno                                   0x2000067c   Data           4  errno.o(.data)
    .bss                                     0x20000680   Section      592  usart.o(.bss)
    .bss                                     0x200008d0   Section       70  main.o(.bss)
    .bss                                     0x20000918   Section       88  spi.o(.bss)
    HEAP                                     0x20000970   Section      512  startup_stm32f429xx.o(HEAP)
    STACK                                    0x20000b70   Section     1024  startup_stm32f429xx.o(STACK)

    Global Symbols

    Symbol Name                              Value     Ov Type        Size  Object(Section)

    BuildAttributes$$THM_ISAv4$E$P$D$K$B$S$7EM$VFPi3$EXTD16$VFPS$VFMA$PE$A:L22UL41UL21$X:L11$S22US41US21$IEEE1$IW$USESV6$~STKCKD$USESV7$~SHL$OTIME$ROPI$IEEEJ$EBA8$MICROLIB$REQ8$PRES8$EABIv2 0x00000000   Number         0  anon$$obj.o ABSOLUTE
    __ARM_use_no_argv                        0x00000000   Number         0  main.o ABSOLUTE
    _printf_a                                0x00000000   Number         0  stubs.o ABSOLUTE
    _printf_c                                0x00000000   Number         0  stubs.o ABSOLUTE
    _printf_charcount                        0x00000000   Number         0  stubs.o ABSOLUTE
    _printf_d                                0x00000000   Number         0  stubs.o ABSOLUTE
    _printf_e                                0x00000000   Number         0  stubs.o ABSOLUTE
    _printf_f                                0x00000000   Number         0  stubs.o ABSOLUTE
    _printf_flags                            0x00000000   Number         0  stubs.o ABSOLUTE
    _printf_fp_dec                           0x00000000   Number         0  stubs.o ABSOLUTE
    _printf_fp_hex                           0x00000000   Number         0  stubs.o ABSOLUTE
    _printf_g                                0x00000000   Number         0  stubs.o ABSOLUTE
    _printf_i                                0x00000000   Number         0  stubs.o ABSOLUTE
    _printf_int_dec                          0x00000000   Number         0  stubs.o ABSOLUTE
    _printf_l                                0x00000000   Number         0  stubs.o ABSOLUTE
    _printf_lc                               0x00000000   Number         0  stubs.o ABSOLUTE
    _printf_ll                               0x00000000   Number         0  stubs.o ABSOLUTE
    _printf_lld                              0x00000000   Number         0  stubs.o ABSOLUTE
    _printf_lli                              0x00000000   Number         0  stubs.o ABSOLUTE
    _printf_llo                              0x00000000   Number         0  stubs.o ABSOLUTE
    _printf_llu                              0x00000000   Number         0  stubs.o ABSOLUTE
    _printf_llx                              0x00000000   Number         0  stubs.o ABSOLUTE
    _printf_longlong_dec                     0x00000000   Number         0  stubs.o ABSOLUTE
    _printf_longlong_hex                     0x00000000   Number         0  stubs.o ABSOLUTE
    _printf_longlong_oct                     0x00000000   Number         0  stubs.o ABSOLUTE
    _printf_ls                               0x00000000   Number         0  stubs.o ABSOLUTE
    _printf_mbtowc                           0x00000000   Number         0  stubs.o ABSOLUTE
    _printf_n                                0x00000000   Number         0  stubs.o ABSOLUTE
    _printf_o                                0x00000000   Number         0  stubs.o ABSOLUTE
    _printf_p                                0x00000000   Number         0  stubs.o ABSOLUTE
    _printf_percent                          0x00000000   Number         0  stubs.o ABSOLUTE
    _printf_pre_padding                      0x00000000   Number         0  stubs.o ABSOLUTE
    _printf_return_value                     0x00000000   Number         0  stubs.o ABSOLUTE
    _printf_s                                0x00000000   Number         0  stubs.o ABSOLUTE
    _printf_sizespec                         0x00000000   Number         0  stubs.o ABSOLUTE
    _printf_str                              0x00000000   Number         0  stubs.o ABSOLUTE
    _printf_truncate_signed                  0x00000000   Number         0  stubs.o ABSOLUTE
    _printf_truncate_unsigned                0x00000000   Number         0  stubs.o ABSOLUTE
    _printf_u                                0x00000000   Number         0  stubs.o ABSOLUTE
    _printf_wc                               0x00000000   Number         0  stubs.o ABSOLUTE
    _printf_wctomb                           0x00000000   Number         0  stubs.o ABSOLUTE
    _printf_widthprec                        0x00000000   Number         0  stubs.o ABSOLUTE
    _printf_x                                0x00000000   Number         0  stubs.o ABSOLUTE
    __cpp_initialize__aeabi_                  - Undefined Weak Reference
    __cxa_finalize                            - Undefined Weak Reference
    _clock_init                               - Undefined Weak Reference
    _microlib_exit                            - Undefined Weak Reference
    _scanf_longlong                           - Undefined Weak Reference
    _scanf_string                             - Undefined Weak Reference
    __Vectors_Size                           0x000001ac   Number         0  startup_stm32f429xx.o ABSOLUTE
    __Vectors                                0x08000000   Data           4  startup_stm32f429xx.o(RESET)
    __Vectors_End                            0x080001ac   Data           0  startup_stm32f429xx.o(RESET)
    __main                                   0x080001ad   Thumb Code     0  entry.o(.ARM.Collect$$$$00000000)
    _main_stk                                0x080001ad   Thumb Code     0  entry2.o(.ARM.Collect$$$$00000001)
    _main_scatterload                        0x080001b1   Thumb Code     0  entry5.o(.ARM.Collect$$$$00000004)
    __main_after_scatterload                 0x080001b5   Thumb Code     0  entry5.o(.ARM.Collect$$$$00000004)
    _main_clock                              0x080001b5   Thumb Code     0  entry7b.o(.ARM.Collect$$$$00000008)
    _main_cpp_init                           0x080001b5   Thumb Code     0  entry8b.o(.ARM.Collect$$$$0000000A)
    _main_init                               0x080001b5   Thumb Code     0  entry9a.o(.ARM.Collect$$$$0000000B)
    __rt_final_cpp                           0x080001bd   Thumb Code     0  entry10a.o(.ARM.Collect$$$$0000000D)
    __rt_final_exit                          0x080001bd   Thumb Code     0  entry11a.o(.ARM.Collect$$$$0000000F)
    Reset_Handler                            0x080001c1   Thumb Code     8  startup_stm32f429xx.o(.text)
    ADC_IRQHandler                           0x080001db   Thumb Code     0  startup_stm32f429xx.o(.text)
    CAN1_RX0_IRQHandler                      0x080001db   Thumb Code     0  startup_stm32f429xx.o(.text)
    CAN1_RX1_IRQHandler                      0x080001db   Thumb Code     0  startup_stm32f429xx.o(.text)
    CAN1_SCE_IRQHandler                      0x080001db   Thumb Code     0  startup_stm32f429xx.o(.text)
    CAN1_TX_IRQHandler                       0x080001db   Thumb Code     0  startup_stm32f429xx.o(.text)
    CAN2_RX0_IRQHandler                      0x080001db   Thumb Code     0  startup_stm32f429xx.o(.text)
    CAN2_RX1_IRQHandler                      0x080001db   Thumb Code     0  startup_stm32f429xx.o(.text)
    CAN2_SCE_IRQHandler                      0x080001db   Thumb Code     0  startup_stm32f429xx.o(.text)
    CAN2_TX_IRQHandler                       0x080001db   Thumb Code     0  startup_stm32f429xx.o(.text)
    DCMI_IRQHandler                          0x080001db   Thumb Code     0  startup_stm32f429xx.o(.text)
    DMA1_Stream0_IRQHandler                  0x080001db   Thumb Code     0  startup_stm32f429xx.o(.text)
    DMA1_Stream1_IRQHandler                  0x080001db   Thumb Code     0  startup_stm32f429xx.o(.text)
    DMA1_Stream2_IRQHandler                  0x080001db   Thumb Code     0  startup_stm32f429xx.o(.text)
    DMA1_Stream3_IRQHandler                  0x080001db   Thumb Code     0  startup_stm32f429xx.o(.text)
    DMA1_Stream4_IRQHandler                  0x080001db   Thumb Code     0  startup_stm32f429xx.o(.text)
    DMA1_Stream5_IRQHandler                  0x080001db   Thumb Code     0  startup_stm32f429xx.o(.text)
    DMA1_Stream6_IRQHandler                  0x080001db   Thumb Code     0  startup_stm32f429xx.o(.text)
    DMA1_Stream7_IRQHandler                  0x080001db   Thumb Code     0  startup_stm32f429xx.o(.text)
    DMA2D_IRQHandler                         0x080001db   Thumb Code     0  startup_stm32f429xx.o(.text)
    DMA2_Stream0_IRQHandler                  0x080001db   Thumb Code     0  startup_stm32f429xx.o(.text)
    DMA2_Stream1_IRQHandler                  0x080001db   Thumb Code     0  startup_stm32f429xx.o(.text)
    DMA2_Stream2_IRQHandler                  0x080001db   Thumb Code     0  startup_stm32f429xx.o(.text)
    DMA2_Stream3_IRQHandler                  0x080001db   Thumb Code     0  startup_stm32f429xx.o(.text)
    DMA2_Stream4_IRQHandler                  0x080001db   Thumb Code     0  startup_stm32f429xx.o(.text)
    DMA2_Stream5_IRQHandler                  0x080001db   Thumb Code     0  startup_stm32f429xx.o(.text)
    DMA2_Stream6_IRQHandler                  0x080001db   Thumb Code     0  startup_stm32f429xx.o(.text)
    DMA2_Stream7_IRQHandler                  0x080001db   Thumb Code     0  startup_stm32f429xx.o(.text)
    ETH_IRQHandler                           0x080001db   Thumb Code     0  startup_stm32f429xx.o(.text)
    ETH_WKUP_IRQHandler                      0x080001db   Thumb Code     0  startup_stm32f429xx.o(.text)
    EXTI0_IRQHandler                         0x080001db   Thumb Code     0  startup_stm32f429xx.o(.text)
    EXTI15_10_IRQHandler                     0x080001db   Thumb Code     0  startup_stm32f429xx.o(.text)
    EXTI1_IRQHandler                         0x080001db   Thumb Code     0  startup_stm32f429xx.o(.text)
    EXTI2_IRQHandler                         0x080001db   Thumb Code     0  startup_stm32f429xx.o(.text)
    EXTI3_IRQHandler                         0x080001db   Thumb Code     0  startup_stm32f429xx.o(.text)
    EXTI4_IRQHandler                         0x080001db   Thumb Code     0  startup_stm32f429xx.o(.text)
    EXTI9_5_IRQHandler                       0x080001db   Thumb Code     0  startup_stm32f429xx.o(.text)
    FLASH_IRQHandler                         0x080001db   Thumb Code     0  startup_stm32f429xx.o(.text)
    FMC_IRQHandler                           0x080001db   Thumb Code     0  startup_stm32f429xx.o(.text)
    FPU_IRQHandler                           0x080001db   Thumb Code     0  startup_stm32f429xx.o(.text)
    HASH_RNG_IRQHandler                      0x080001db   Thumb Code     0  startup_stm32f429xx.o(.text)
    I2C1_ER_IRQHandler                       0x080001db   Thumb Code     0  startup_stm32f429xx.o(.text)
    I2C1_EV_IRQHandler                       0x080001db   Thumb Code     0  startup_stm32f429xx.o(.text)
    I2C2_ER_IRQHandler                       0x080001db   Thumb Code     0  startup_stm32f429xx.o(.text)
    I2C2_EV_IRQHandler                       0x080001db   Thumb Code     0  startup_stm32f429xx.o(.text)
    I2C3_ER_IRQHandler                       0x080001db   Thumb Code     0  startup_stm32f429xx.o(.text)
    I2C3_EV_IRQHandler                       0x080001db   Thumb Code     0  startup_stm32f429xx.o(.text)
    LTDC_ER_IRQHandler                       0x080001db   Thumb Code     0  startup_stm32f429xx.o(.text)
    LTDC_IRQHandler                          0x080001db   Thumb Code     0  startup_stm32f429xx.o(.text)
    OTG_FS_IRQHandler                        0x080001db   Thumb Code     0  startup_stm32f429xx.o(.text)
    OTG_FS_WKUP_IRQHandler                   0x080001db   Thumb Code     0  startup_stm32f429xx.o(.text)
    OTG_HS_EP1_IN_IRQHandler                 0x080001db   Thumb Code     0  startup_stm32f429xx.o(.text)
    OTG_HS_EP1_OUT_IRQHandler                0x080001db   Thumb Code     0  startup_stm32f429xx.o(.text)
    OTG_HS_IRQHandler                        0x080001db   Thumb Code     0  startup_stm32f429xx.o(.text)
    OTG_HS_WKUP_IRQHandler                   0x080001db   Thumb Code     0  startup_stm32f429xx.o(.text)
    PVD_IRQHandler                           0x080001db   Thumb Code     0  startup_stm32f429xx.o(.text)
    RCC_IRQHandler                           0x080001db   Thumb Code     0  startup_stm32f429xx.o(.text)
    RTC_Alarm_IRQHandler                     0x080001db   Thumb Code     0  startup_stm32f429xx.o(.text)
    RTC_WKUP_IRQHandler                      0x080001db   Thumb Code     0  startup_stm32f429xx.o(.text)
    SAI1_IRQHandler                          0x080001db   Thumb Code     0  startup_stm32f429xx.o(.text)
    SDIO_IRQHandler                          0x080001db   Thumb Code     0  startup_stm32f429xx.o(.text)
    SPI1_IRQHandler                          0x080001db   Thumb Code     0  startup_stm32f429xx.o(.text)
    SPI2_IRQHandler                          0x080001db   Thumb Code     0  startup_stm32f429xx.o(.text)
    SPI3_IRQHandler                          0x080001db   Thumb Code     0  startup_stm32f429xx.o(.text)
    SPI4_IRQHandler                          0x080001db   Thumb Code     0  startup_stm32f429xx.o(.text)
    SPI5_IRQHandler                          0x080001db   Thumb Code     0  startup_stm32f429xx.o(.text)
    SPI6_IRQHandler                          0x080001db   Thumb Code     0  startup_stm32f429xx.o(.text)
    TAMP_STAMP_IRQHandler                    0x080001db   Thumb Code     0  startup_stm32f429xx.o(.text)
    TIM1_BRK_TIM9_IRQHandler                 0x080001db   Thumb Code     0  startup_stm32f429xx.o(.text)
    TIM1_CC_IRQHandler                       0x080001db   Thumb Code     0  startup_stm32f429xx.o(.text)
    TIM1_TRG_COM_TIM11_IRQHandler            0x080001db   Thumb Code     0  startup_stm32f429xx.o(.text)
    TIM1_UP_TIM10_IRQHandler                 0x080001db   Thumb Code     0  startup_stm32f429xx.o(.text)
    TIM2_IRQHandler                          0x080001db   Thumb Code     0  startup_stm32f429xx.o(.text)
    TIM3_IRQHandler                          0x080001db   Thumb Code     0  startup_stm32f429xx.o(.text)
    TIM4_IRQHandler                          0x080001db   Thumb Code     0  startup_stm32f429xx.o(.text)
    TIM5_IRQHandler                          0x080001db   Thumb Code     0  startup_stm32f429xx.o(.text)
    TIM6_DAC_IRQHandler                      0x080001db   Thumb Code     0  startup_stm32f429xx.o(.text)
    TIM7_IRQHandler                          0x080001db   Thumb Code     0  startup_stm32f429xx.o(.text)
    TIM8_BRK_TIM12_IRQHandler                0x080001db   Thumb Code     0  startup_stm32f429xx.o(.text)
    TIM8_CC_IRQHandler                       0x080001db   Thumb Code     0  startup_stm32f429xx.o(.text)
    TIM8_TRG_COM_TIM14_IRQHandler            0x080001db   Thumb Code     0  startup_stm32f429xx.o(.text)
    TIM8_UP_TIM13_IRQHandler                 0x080001db   Thumb Code     0  startup_stm32f429xx.o(.text)
    UART4_IRQHandler                         0x080001db   Thumb Code     0  startup_stm32f429xx.o(.text)
    UART5_IRQHandler                         0x080001db   Thumb Code     0  startup_stm32f429xx.o(.text)
    UART7_IRQHandler                         0x080001db   Thumb Code     0  startup_stm32f429xx.o(.text)
    UART8_IRQHandler                         0x080001db   Thumb Code     0  startup_stm32f429xx.o(.text)
    USART2_IRQHandler                        0x080001db   Thumb Code     0  startup_stm32f429xx.o(.text)
    USART3_IRQHandler                        0x080001db   Thumb Code     0  startup_stm32f429xx.o(.text)
    USART6_IRQHandler                        0x080001db   Thumb Code     0  startup_stm32f429xx.o(.text)
    WWDG_IRQHandler                          0x080001db   Thumb Code     0  startup_stm32f429xx.o(.text)
    __aeabi_uldivmod                         0x080001e5   Thumb Code    98  uldiv.o(.text)
    __aeabi_llsr                             0x08000247   Thumb Code    32  llushr.o(.text)
    _ll_ushift_r                             0x08000247   Thumb Code     0  llushr.o(.text)
    __aeabi_memcpy                           0x08000267   Thumb Code    36  memcpya.o(.text)
    __aeabi_memcpy4                          0x08000267   Thumb Code     0  memcpya.o(.text)
    __aeabi_memcpy8                          0x08000267   Thumb Code     0  memcpya.o(.text)
    __aeabi_memset                           0x0800028b   Thumb Code    14  memseta.o(.text)
    __aeabi_memset4                          0x0800028b   Thumb Code     0  memseta.o(.text)
    __aeabi_memset8                          0x0800028b   Thumb Code     0  memseta.o(.text)
    __aeabi_memclr                           0x08000299   Thumb Code     4  memseta.o(.text)
    __aeabi_memclr4                          0x08000299   Thumb Code     0  memseta.o(.text)
    __aeabi_memclr8                          0x08000299   Thumb Code     0  memseta.o(.text)
    _memset$wrapper                          0x0800029d   Thumb Code    18  memseta.o(.text)
    __aeabi_dadd                             0x080002af   Thumb Code   322  dadd.o(.text)
    __aeabi_dsub                             0x080003f1   Thumb Code     6  dadd.o(.text)
    __aeabi_drsub                            0x080003f7   Thumb Code     6  dadd.o(.text)
    __aeabi_dmul                             0x080003fd   Thumb Code   228  dmul.o(.text)
    __aeabi_ui2d                             0x080004e1   Thumb Code    26  dfltui.o(.text)
    __aeabi_d2iz                             0x080004fb   Thumb Code    62  dfixi.o(.text)
    __aeabi_d2uiz                            0x08000539   Thumb Code    50  dfixui.o(.text)
    __aeabi_d2ulz                            0x0800056b   Thumb Code    48  dfixul.o(.text)
    __aeabi_cdcmpeq                          0x0800059d   Thumb Code     0  cdcmple.o(.text)
    __aeabi_cdcmple                          0x0800059d   Thumb Code    48  cdcmple.o(.text)
    __aeabi_llsl                             0x080005cd   Thumb Code    30  llshl.o(.text)
    _ll_shift_l                              0x080005cd   Thumb Code     0  llshl.o(.text)
    __aeabi_lasr                             0x080005eb   Thumb Code    36  llsshr.o(.text)
    _ll_sshift_r                             0x080005eb   Thumb Code     0  llsshr.o(.text)
    _sgetc                                   0x0800060f   Thumb Code    30  _sgetc.o(.text)
    _sbackspace                              0x0800062d   Thumb Code    34  _sgetc.o(.text)
    __strtod_int                             0x08000687   Thumb Code    90  strtod.o(.text)
    __I$use$fp                               0x080006ed   Thumb Code     0  iusefp.o(.text)
    _double_round                            0x080006ed   Thumb Code    30  depilogue.o(.text)
    _double_epilogue                         0x0800070b   Thumb Code   156  depilogue.o(.text)
    __aeabi_ddiv                             0x080007a7   Thumb Code   222  ddiv.o(.text)
    __scatterload                            0x08000885   Thumb Code    28  init.o(.text)
    __scatterload_rt2                        0x08000885   Thumb Code     0  init.o(.text)
    isspace                                  0x080008a9   Thumb Code    10  isspace_c.o(.text)
    _scanf_real                              0x080009dd   Thumb Code     0  scanf_fp.o(.text)
    _scanf_really_real                       0x080009dd   Thumb Code   556  scanf_fp.o(.text)
    __ctype_lookup                           0x08000c15   Thumb Code    34  ctype_c.o(.text)
    __aeabi_ul2d                             0x08000c3d   Thumb Code    24  dfltul.o(.text)
    __aeabi_d2f                              0x08000c55   Thumb Code    56  d2f.o(.text)
    _float_round                             0x08000c8d   Thumb Code    18  fepilogue.o(.text)
    _float_epilogue                          0x08000c9f   Thumb Code    92  fepilogue.o(.text)
    __decompress                             0x08000cfb   Thumb Code     0  __dclz77c.o(.text)
    __decompress2                            0x08000cfb   Thumb Code    94  __dclz77c.o(.text)
    Ad9361Reset                              0x08000d59   Thumb Code    56  gpio.o(i.Ad9361Reset)
    BusFault_Handler                         0x08000d95   Thumb Code     2  stm32f4xx_it.o(i.BusFault_Handler)
    DebugMon_Handler                         0x08000d97   Thumb Code     2  stm32f4xx_it.o(i.DebugMon_Handler)
    ERR_PTR                                  0x08000d99   Thumb Code     2  util.o(i.ERR_PTR)
    HAL_DMA_Abort_IT                         0x08000d9b   Thumb Code    36  stm32f4xx_hal_dma.o(i.HAL_DMA_Abort_IT)
    HAL_Delay                                0x08000dbf   Thumb Code    28  stm32f4xx_hal.o(i.HAL_Delay)
    HAL_GPIO_Init                            0x08000ddd   Thumb Code   408  stm32f4xx_hal_gpio.o(i.HAL_GPIO_Init)
    HAL_GPIO_ReadPin                         0x08000fa9   Thumb Code    10  stm32f4xx_hal_gpio.o(i.HAL_GPIO_ReadPin)
    HAL_GPIO_WritePin                        0x08000fb3   Thumb Code    10  stm32f4xx_hal_gpio.o(i.HAL_GPIO_WritePin)
    HAL_GetTick                              0x08000fbd   Thumb Code     6  stm32f4xx_hal.o(i.HAL_GetTick)
    HAL_IncTick                              0x08000fc9   Thumb Code    10  stm32f4xx_hal.o(i.HAL_IncTick)
    HAL_Init                                 0x08000fd9   Thumb Code    48  stm32f4xx_hal.o(i.HAL_Init)
    HAL_InitTick                             0x0800100d   Thumb Code    34  stm32f4xx_hal.o(i.HAL_InitTick)
    HAL_MspInit                              0x08001035   Thumb Code    88  stm32f4xx_hal_msp.o(i.HAL_MspInit)
    HAL_NVIC_EnableIRQ                       0x0800108d   Thumb Code    22  stm32f4xx_hal_cortex.o(i.HAL_NVIC_EnableIRQ)
    HAL_NVIC_SetPriority                     0x080010a5   Thumb Code    60  stm32f4xx_hal_cortex.o(i.HAL_NVIC_SetPriority)
    HAL_NVIC_SetPriorityGrouping             0x080010e5   Thumb Code    26  stm32f4xx_hal_cortex.o(i.HAL_NVIC_SetPriorityGrouping)
    HAL_PWREx_EnableOverDrive                0x08001109   Thumb Code    98  stm32f4xx_hal_pwr_ex.o(i.HAL_PWREx_EnableOverDrive)
    HAL_RCC_ClockConfig                      0x08001179   Thumb Code   286  stm32f4xx_hal_rcc.o(i.HAL_RCC_ClockConfig)
    HAL_RCC_GetHCLKFreq                      0x080012a9   Thumb Code     6  stm32f4xx_hal_rcc.o(i.HAL_RCC_GetHCLKFreq)
    HAL_RCC_GetPCLK1Freq                     0x080012b5   Thumb Code    20  stm32f4xx_hal_rcc.o(i.HAL_RCC_GetPCLK1Freq)
    HAL_RCC_GetPCLK2Freq                     0x080012d5   Thumb Code    20  stm32f4xx_hal_rcc.o(i.HAL_RCC_GetPCLK2Freq)
    HAL_RCC_GetSysClockFreq                  0x080012f5   Thumb Code    88  stm32f4xx_hal_rcc.o(i.HAL_RCC_GetSysClockFreq)
    HAL_RCC_OscConfig                        0x08001359   Thumb Code   730  stm32f4xx_hal_rcc.o(i.HAL_RCC_OscConfig)
    HAL_SPI_Init                             0x08001649   Thumb Code   128  stm32f4xx_hal_spi.o(i.HAL_SPI_Init)
    HAL_SPI_MspInit                          0x080016c9   Thumb Code    62  spi.o(i.HAL_SPI_MspInit)
    HAL_SPI_Receive                          0x08001715   Thumb Code   336  stm32f4xx_hal_spi.o(i.HAL_SPI_Receive)
    HAL_SPI_Transmit                         0x08001865   Thumb Code   360  stm32f4xx_hal_spi.o(i.HAL_SPI_Transmit)
    HAL_SPI_TransmitReceive                  0x080019cd   Thumb Code   472  stm32f4xx_hal_spi.o(i.HAL_SPI_TransmitReceive)
    HAL_SYSTICK_CLKSourceConfig              0x08001ba5   Thumb Code    24  stm32f4xx_hal_cortex.o(i.HAL_SYSTICK_CLKSourceConfig)
    HAL_SYSTICK_Callback                     0x08001bbd   Thumb Code     2  stm32f4xx_hal_cortex.o(i.HAL_SYSTICK_Callback)
    HAL_SYSTICK_Config                       0x08001bbf   Thumb Code    40  stm32f4xx_hal_cortex.o(i.HAL_SYSTICK_Config)
    HAL_SYSTICK_IRQHandler                   0x08001be7   Thumb Code     8  stm32f4xx_hal_cortex.o(i.HAL_SYSTICK_IRQHandler)
    HAL_UART_ErrorCallback                   0x08001bef   Thumb Code     2  stm32f4xx_hal_uart.o(i.HAL_UART_ErrorCallback)
    HAL_UART_GetState                        0x08001bf1   Thumb Code    10  stm32f4xx_hal_uart.o(i.HAL_UART_GetState)
    HAL_UART_IRQHandler                      0x08001bfd   Thumb Code   266  stm32f4xx_hal_uart.o(i.HAL_UART_IRQHandler)
    HAL_UART_Init                            0x08001d0d   Thumb Code    98  stm32f4xx_hal_uart.o(i.HAL_UART_Init)
    HAL_UART_MspInit                         0x08001d71   Thumb Code    64  usart.o(i.HAL_UART_MspInit)
    HAL_UART_Receive_IT                      0x08001dbd   Thumb Code    72  stm32f4xx_hal_uart.o(i.HAL_UART_Receive_IT)
    HAL_UART_RxCpltCallback                  0x08001e05   Thumb Code    78  usart.o(i.HAL_UART_RxCpltCallback)
    HAL_UART_Transmit                        0x08001e5d   Thumb Code   186  stm32f4xx_hal_uart.o(i.HAL_UART_Transmit)
    HAL_UART_TxCpltCallback                  0x08001f17   Thumb Code     2  stm32f4xx_hal_uart.o(i.HAL_UART_TxCpltCallback)
    HardFault_Handler                        0x08001f19   Thumb Code    14  stm32f4xx_it.o(i.HardFault_Handler)
    MX_GPIO_Init                             0x08001f5d   Thumb Code   120  gpio.o(i.MX_GPIO_Init)
    MX_SPI1_Init                             0x08001fe1   Thumb Code    64  spi.o(i.MX_SPI1_Init)
    MX_USART1_UART_Init                      0x08002039   Thumb Code    76  usart.o(i.MX_USART1_UART_Init)
    MemManage_Handler                        0x0800209d   Thumb Code     2  stm32f4xx_it.o(i.MemManage_Handler)
    NMI_Handler                              0x0800209f   Thumb Code     2  stm32f4xx_it.o(i.NMI_Handler)
    PendSV_Handler                           0x080020c1   Thumb Code     2  stm32f4xx_it.o(i.PendSV_Handler)
    SVC_Handler                              0x08002179   Thumb Code     2  stm32f4xx_it.o(i.SVC_Handler)
    SysTick_Handler                          0x0800217b   Thumb Code    14  stm32f4xx_it.o(i.SysTick_Handler)
    SystemClock_Config                       0x08002189   Thumb Code   156  main.o(i.SystemClock_Config)
    SystemInit                               0x0800222d   Thumb Code    66  system_stm32f4xx.o(i.SystemInit)
    USART1_IRQHandler                        0x080026ad   Thumb Code    74  stm32f4xx_it.o(i.USART1_IRQHandler)
    UsageFault_Handler                       0x08002701   Thumb Code     2  stm32f4xx_it.o(i.UsageFault_Handler)
    _Error_Handler                           0x08002703   Thumb Code     2  main.o(i._Error_Handler)
    __0printf$5                              0x08002705   Thumb Code    22  printf5.o(i.__0printf$5)
    __1printf$5                              0x08002705   Thumb Code     0  printf5.o(i.__0printf$5)
    __2printf                                0x08002705   Thumb Code     0  printf5.o(i.__0printf$5)
    __hardfp_atof                            0x08002881   Thumb Code    44  atof.o(i.__hardfp_atof)
    __read_errno                             0x080028b9   Thumb Code     6  errno.o(i.__read_errno)
    __scatterload_copy                       0x080028c5   Thumb Code    14  handlers.o(i.__scatterload_copy)
    __scatterload_null                       0x080028d3   Thumb Code     2  handlers.o(i.__scatterload_null)
    __scatterload_zeroinit                   0x080028d5   Thumb Code    14  handlers.o(i.__scatterload_zeroinit)
    __set_errno                              0x080028e5   Thumb Code     6  errno.o(i.__set_errno)
    _is_digit                                0x080028f1   Thumb Code    14  scanf_fp.o(i._is_digit)
    ad9361_1rx1tx_channel_map                0x08002bc1   Thumb Code   122  ad9361.o(i.ad9361_1rx1tx_channel_map)
    ad9361_bbpll_recalc_rate                 0x08002ead   Thumb Code    64  ad9361.o(i.ad9361_bbpll_recalc_rate)
    ad9361_bbpll_round_rate                  0x08002eed   Thumb Code   120  ad9361.o(i.ad9361_bbpll_round_rate)
    ad9361_bbpll_set_rate                    0x08002f69   Thumb Code   302  ad9361.o(i.ad9361_bbpll_set_rate)
    ad9361_calculate_rf_clock_chain          0x08003161   Thumb Code   526  ad9361.o(i.ad9361_calculate_rf_clock_chain)
    ad9361_clk_factor_recalc_rate            0x080034b9   Thumb Code    36  ad9361.o(i.ad9361_clk_factor_recalc_rate)
    ad9361_clk_factor_round_rate             0x08003501   Thumb Code    84  ad9361.o(i.ad9361_clk_factor_round_rate)
    ad9361_clk_factor_set_rate               0x08003571   Thumb Code    90  ad9361.o(i.ad9361_clk_factor_set_rate)
    ad9361_clk_mux_set_parent                0x0800360d   Thumb Code    80  ad9361.o(i.ad9361_clk_mux_set_parent)
    ad9361_dig_tune                          0x0800378d   Thumb Code     4  ad9361_conv.o(i.ad9361_dig_tune)
    ad9361_do_calib_run                      0x08003791   Thumb Code   134  ad9361.o(i.ad9361_do_calib_run)
    ad9361_en_dis_rx                         0x08003835   Thumb Code    32  ad9361.o(i.ad9361_en_dis_rx)
    ad9361_en_dis_tx                         0x08003855   Thumb Code    32  ad9361.o(i.ad9361_en_dis_tx)
    ad9361_ensm_force_state                  0x08003875   Thumb Code   208  ad9361.o(i.ad9361_ensm_force_state)
    ad9361_ensm_get_state                    0x08003a01   Thumb Code    26  ad9361.o(i.ad9361_ensm_get_state)
    ad9361_ensm_restore_prev_state           0x08003a1b   Thumb Code     8  ad9361.o(i.ad9361_ensm_restore_prev_state)
    ad9361_ensm_restore_state                0x08003a25   Thumb Code   144  ad9361.o(i.ad9361_ensm_restore_state)
    ad9361_ensm_set_state                    0x08003b29   Thumb Code   604  ad9361.o(i.ad9361_ensm_set_state)
    ad9361_find_opt                          0x08003fdd   Thumb Code    80  ad9361.o(i.ad9361_find_opt)
    ad9361_from_clk                          0x0800402d   Thumb Code     8  ad9361.o(i.ad9361_from_clk)
    ad9361_get_rx_fir_en_dis                 0x08004bcb   Thumb Code    18  ad9361_api.o(i.ad9361_get_rx_fir_en_dis)
    ad9361_get_rx_gain                       0x08004bdd   Thumb Code   182  ad9361.o(i.ad9361_get_rx_gain)
    ad9361_get_rx_gain_control_mode          0x08004ce9   Thumb Code    12  ad9361_api.o(i.ad9361_get_rx_gain_control_mode)
    ad9361_get_rx_lo_freq                    0x08004cf5   Thumb Code    24  ad9361_api.o(i.ad9361_get_rx_lo_freq)
    ad9361_get_rx_rf_bandwidth               0x08004d0d   Thumb Code    10  ad9361_api.o(i.ad9361_get_rx_rf_bandwidth)
    ad9361_get_rx_rf_gain                    0x08004d17   Thumb Code    46  ad9361_api.o(i.ad9361_get_rx_rf_gain)
    ad9361_get_rx_sampling_freq              0x08004d45   Thumb Code    16  ad9361_api.o(i.ad9361_get_rx_sampling_freq)
    ad9361_get_tx_atten                      0x08004e2d   Thumb Code    38  ad9361.o(i.ad9361_get_tx_atten)
    ad9361_get_tx_attenuation                0x08004e53   Thumb Code    32  ad9361_api.o(i.ad9361_get_tx_attenuation)
    ad9361_get_tx_fir_en_dis                 0x08004e73   Thumb Code    18  ad9361_api.o(i.ad9361_get_tx_fir_en_dis)
    ad9361_get_tx_lo_freq                    0x08004e85   Thumb Code    24  ad9361_api.o(i.ad9361_get_tx_lo_freq)
    ad9361_get_tx_rf_bandwidth               0x08004e9d   Thumb Code    10  ad9361_api.o(i.ad9361_get_tx_rf_bandwidth)
    ad9361_get_tx_sampling_freq              0x08004ea9   Thumb Code    46  ad9361_api.o(i.ad9361_get_tx_sampling_freq)
    ad9361_init                              0x08004ff5   Thumb Code  3136  ad9361_api.o(i.ad9361_init)
    ad9361_init_gain_tables                  0x08005d15   Thumb Code    74  ad9361.o(i.ad9361_init_gain_tables)
    ad9361_load_fir_filter_coef              0x08005d61   Thumb Code   460  ad9361.o(i.ad9361_load_fir_filter_coef)
    ad9361_reset                             0x08006309   Thumb Code    72  ad9361.o(i.ad9361_reset)
    ad9361_rf_port_setup                     0x08006491   Thumb Code   100  ad9361.o(i.ad9361_rf_port_setup)
    ad9361_rfpll_dummy_recalc_rate           0x08006515   Thumb Code    14  ad9361.o(i.ad9361_rfpll_dummy_recalc_rate)
    ad9361_rfpll_dummy_set_rate              0x08006523   Thumb Code    16  ad9361.o(i.ad9361_rfpll_dummy_set_rate)
    ad9361_rfpll_int_recalc_rate             0x08006535   Thumb Code   312  ad9361.o(i.ad9361_rfpll_int_recalc_rate)
    ad9361_rfpll_int_round_rate              0x08006691   Thumb Code    62  ad9361.o(i.ad9361_rfpll_int_round_rate)
    ad9361_rfpll_int_set_rate                0x080066f1   Thumb Code   550  ad9361.o(i.ad9361_rfpll_int_set_rate)
    ad9361_rfpll_recalc_rate                 0x0800694d   Thumb Code    82  ad9361.o(i.ad9361_rfpll_recalc_rate)
    ad9361_rfpll_round_rate                  0x0800699f   Thumb Code   114  ad9361.o(i.ad9361_rfpll_round_rate)
    ad9361_rfpll_set_rate                    0x08006a11   Thumb Code   236  ad9361.o(i.ad9361_rfpll_set_rate)
    ad9361_set_dcxo_tune                     0x08007b71   Thumb Code    70  ad9361.o(i.ad9361_set_dcxo_tune)
    ad9361_set_ensm_mode                     0x08007bd9   Thumb Code   106  ad9361.o(i.ad9361_set_ensm_mode)
    ad9361_set_gain_ctrl_mode                0x08007c45   Thumb Code   200  ad9361.o(i.ad9361_set_gain_ctrl_mode)
    ad9361_set_rx_fir_config                 0x08007d91   Thumb Code    38  ad9361_api.o(i.ad9361_set_rx_fir_config)
    ad9361_set_rx_fir_en_dis                 0x08007db9   Thumb Code    48  ad9361_api.o(i.ad9361_set_rx_fir_en_dis)
    ad9361_set_rx_gain                       0x08007de9   Thumb Code   132  ad9361.o(i.ad9361_set_rx_gain)
    ad9361_set_rx_gain_control_mode          0x08007ed1   Thumb Code    48  ad9361_api.o(i.ad9361_set_rx_gain_control_mode)
    ad9361_set_rx_lo_freq                    0x08007f01   Thumb Code    28  ad9361_api.o(i.ad9361_set_rx_lo_freq)
    ad9361_set_rx_rf_bandwidth               0x08007f1d   Thumb Code    36  ad9361_api.o(i.ad9361_set_rx_rf_bandwidth)
    ad9361_set_rx_rf_gain                    0x08007f41   Thumb Code    44  ad9361_api.o(i.ad9361_set_rx_rf_gain)
    ad9361_set_rx_sampling_freq              0x08007f6d   Thumb Code    50  ad9361_api.o(i.ad9361_set_rx_sampling_freq)
    ad9361_set_trx_clock_chain               0x08007fa1   Thumb Code   388  ad9361.o(i.ad9361_set_trx_clock_chain)
    ad9361_set_tx_atten                      0x08008171   Thumb Code   158  ad9361.o(i.ad9361_set_tx_atten)
    ad9361_set_tx_attenuation                0x08008245   Thumb Code    60  ad9361_api.o(i.ad9361_set_tx_attenuation)
    ad9361_set_tx_fir_config                 0x08008281   Thumb Code    34  ad9361_api.o(i.ad9361_set_tx_fir_config)
    ad9361_set_tx_fir_en_dis                 0x080082a5   Thumb Code    48  ad9361_api.o(i.ad9361_set_tx_fir_en_dis)
    ad9361_set_tx_lo_freq                    0x080082d5   Thumb Code    28  ad9361_api.o(i.ad9361_set_tx_lo_freq)
    ad9361_set_tx_rf_bandwidth               0x080082f1   Thumb Code    36  ad9361_api.o(i.ad9361_set_tx_rf_bandwidth)
    ad9361_set_tx_sampling_freq              0x08008315   Thumb Code    50  ad9361_api.o(i.ad9361_set_tx_sampling_freq)
    ad9361_setup                             0x08008349   Thumb Code  1972  ad9361.o(i.ad9361_setup)
    ad9361_spi_read                          0x08008b09   Thumb Code    20  ad9361.o(i.ad9361_spi_read)
    ad9361_spi_readm                         0x08008b1d   Thumb Code    74  ad9361.o(i.ad9361_spi_readm)
    ad9361_spi_write                         0x08008b7d   Thumb Code    64  ad9361.o(i.ad9361_spi_write)
    ad9361_synth_lo_powerdown                0x08008c4d   Thumb Code   112  ad9361.o(i.ad9361_synth_lo_powerdown)
    ad9361_to_clk                            0x08008cd9   Thumb Code     8  ad9361.o(i.ad9361_to_clk)
    ad9361_tracking_control                  0x08008d15   Thumb Code   184  ad9361.o(i.ad9361_tracking_control)
    ad9361_update_rf_bandwidth               0x08009955   Thumb Code    98  ad9361.o(i.ad9361_update_rf_bandwidth)
    ad9361_validate_enable_fir               0x080099b9   Thumb Code   432  ad9361.o(i.ad9361_validate_enable_fir)
    ad9361_validate_rf_bw                    0x08009cbd   Thumb Code    30  ad9361.o(i.ad9361_validate_rf_bw)
    ad9361_validate_rfpll                    0x08009ce5   Thumb Code    50  ad9361.o(i.ad9361_validate_rfpll)
    clk_get_rate                             0x08009df1   Thumb Code   120  util.o(i.clk_get_rate)
    clk_prepare_enable                       0x08009e69   Thumb Code     4  util.o(i.clk_prepare_enable)
    clk_set_rate                             0x08009e6d   Thumb Code   526  util.o(i.clk_set_rate)
    console_check_commands                   0x0800a07d   Thumb Code   434  console.o(i.console_check_commands)
    console_get_command                      0x0800a295   Thumb Code    72  console.o(i.console_get_command)
    console_print                            0x0800a32d   Thumb Code   416  console.o(i.console_print)
    delay_init                               0x0800a4d9   Thumb Code    16  delay.o(i.delay_init)
    delay_us                                 0x0800a4ed   Thumb Code    48  delay.o(i.delay_us)
    do_div                                   0x0800a521   Thumb Code    22  util.o(i.do_div)
    find_first_bit                           0x0800a537   Thumb Code    48  util.o(i.find_first_bit)
    fputc                                    0x0800a569   Thumb Code    20  usart.o(i.fputc)
    free                                     0x0800a581   Thumb Code    76  malloc.o(i.free)
    get_help                                 0x0800a5d1   Thumb Code    36  command.o(i.get_help)
    get_register                             0x0800a61d   Thumb Code    52  command.o(i.get_register)
    get_rx1_gc_mode                          0x0800a669   Thumb Code    26  command.o(i.get_rx1_gc_mode)
    get_rx1_rf_gain                          0x0800a69d   Thumb Code    24  command.o(i.get_rx1_rf_gain)
    get_rx2_gc_mode                          0x0800a6cd   Thumb Code    26  command.o(i.get_rx2_gc_mode)
    get_rx2_rf_gain                          0x0800a701   Thumb Code    24  command.o(i.get_rx2_rf_gain)
    get_rx_fir_en                            0x0800a731   Thumb Code    24  command.o(i.get_rx_fir_en)
    get_rx_lo_freq                           0x0800a75d   Thumb Code    38  command.o(i.get_rx_lo_freq)
    get_rx_rf_bandwidth                      0x0800a79d   Thumb Code    22  command.o(i.get_rx_rf_bandwidth)
    get_rx_samp_freq                         0x0800a7d1   Thumb Code    22  command.o(i.get_rx_samp_freq)
    get_tx1_attenuation                      0x0800a801   Thumb Code    24  command.o(i.get_tx1_attenuation)
    get_tx2_attenuation                      0x0800a835   Thumb Code    36  command.o(i.get_tx2_attenuation)
    get_tx_fir_en                            0x0800a8a5   Thumb Code    24  command.o(i.get_tx_fir_en)
    get_tx_lo_freq                           0x0800a8d1   Thumb Code    38  command.o(i.get_tx_lo_freq)
    get_tx_rf_bandwidth                      0x0800a911   Thumb Code    22  command.o(i.get_tx_rf_bandwidth)
    get_tx_samp_freq                         0x0800a945   Thumb Code    22  command.o(i.get_tx_samp_freq)
    gpio_direction                           0x0800a975   Thumb Code     2  platform.o(i.gpio_direction)
    gpio_init                                0x0800a977   Thumb Code     2  platform.o(i.gpio_init)
    ilog2                                    0x0800a979   Thumb Code   100  util.o(i.ilog2)
    int_sqrt                                 0x0800a9dd   Thumb Code    34  util.o(i.int_sqrt)
    int_to_str                               0x0800aa01   Thumb Code    72  console.o(i.int_to_str)
    main                                     0x0800aa61   Thumb Code   296  main.o(i.main)
    malloc                                   0x0800ac29   Thumb Code    92  malloc.o(i.malloc)
    mdelay                                   0x0800ac95   Thumb Code     4  platform.o(i.mdelay)
    register_clocks                          0x0800ac99   Thumb Code   464  ad9361.o(i.register_clocks)
    set_rx1_gc_mode                          0x0800b061   Thumb Code    52  command.o(i.set_rx1_gc_mode)
    set_rx1_rf_gain                          0x0800b0ad   Thumb Code    52  command.o(i.set_rx1_rf_gain)
    set_rx2_gc_mode                          0x0800b0f9   Thumb Code    52  command.o(i.set_rx2_gc_mode)
    set_rx2_rf_gain                          0x0800b145   Thumb Code    52  command.o(i.set_rx2_rf_gain)
    set_rx_fir_en                            0x0800b191   Thumb Code    50  command.o(i.set_rx_fir_en)
    set_rx_lo_freq                           0x0800b1d9   Thumb Code    78  command.o(i.set_rx_lo_freq)
    set_rx_rf_bandwidth                      0x0800b241   Thumb Code    50  command.o(i.set_rx_rf_bandwidth)
    set_rx_samp_freq                         0x0800b291   Thumb Code    54  command.o(i.set_rx_samp_freq)
    set_tx1_attenuation                      0x0800b4dd   Thumb Code    52  command.o(i.set_tx1_attenuation)
    set_tx2_attenuation                      0x0800b52d   Thumb Code    52  command.o(i.set_tx2_attenuation)
    set_tx_fir_en                            0x0800b57d   Thumb Code    50  command.o(i.set_tx_fir_en)
    set_tx_lo_freq                           0x0800b5c5   Thumb Code    78  command.o(i.set_tx_lo_freq)
    set_tx_rf_bandwidth                      0x0800b62d   Thumb Code    40  command.o(i.set_tx_rf_bandwidth)
    set_tx_samp_freq                         0x0800b659   Thumb Code    54  command.o(i.set_tx_samp_freq)
    show_invalid_param_message               0x0800b6a9   Thumb Code    38  command.o(i.show_invalid_param_message)
    spi_init                                 0x0800b709   Thumb Code    10  platform.o(i.spi_init)
    spi_read                                 0x0800b715   Thumb Code    68  platform.o(i.spi_read)
    spi_write                                0x0800b779   Thumb Code    68  platform.o(i.spi_write)
    spi_write_then_read                      0x0800b7dd   Thumb Code    32  platform.o(i.spi_write_then_read)
    uart_write_char                          0x0800b7fd   Thumb Code     8  console.o(i.uart_write_char)
    uart_write_string                        0x0800b809   Thumb Code    20  console.o(i.uart_write_string)
    udelay                                   0x0800b81d   Thumb Code     4  platform.o(i.udelay)
    zmalloc                                  0x0800b821   Thumb Code    28  util.o(i.zmalloc)
    AHBPrescTable                            0x0800b83c   Data          16  system_stm32f4xx.o(.constdata)
    APBPrescTable                            0x0800b84c   Data           8  system_stm32f4xx.o(.constdata)
    cmd_no                                   0x0800d421   Data           1  command.o(.constdata)
    __ctype_categories                       0x0800d422   Data          64  ctype_c.o(.constdata)
    Region$$Table$$Base                      0x0800da9c   Number         0  anon$$obj.o(Region$$Table)
    Region$$Table$$Limit                     0x0800dabc   Number         0  anon$$obj.o(Region$$Table)
    uwTick                                   0x20000000   Data           4  stm32f4xx_hal.o(.data)
    SystemCoreClock                          0x20000004   Data           4  system_stm32f4xx.o(.data)
    cmd                                      0x20000008   Data           1  main.o(.data)
    param_no                                 0x20000009   Data           1  main.o(.data)
    invalid_cmd                              0x2000000a   Data           1  main.o(.data)
    cmd_type                                 0x2000000c   Data           4  main.o(.data)
    ad9361_phy                               0x20000010   Data           4  main.o(.data)
    default_init_param                       0x20000018   Data         520  main.o(.data)
    rx_fir_config                            0x20000220   Data         300  main.o(.data)
    tx_fir_config                            0x2000034c   Data         300  main.o(.data)
    cmd_list                                 0x2000047c   Data         480  command.o(.data)
    __stdout                                 0x20000670   Data           4  stdout.o(.data)
    __microlib_freelist                      0x20000674   Data           4  mvars.o(.data)
    __microlib_freelist_initialised          0x20000678   Data           4  mvars.o(.data)
    UART_RX_DATA1                            0x20000680   Data         528  usart.o(.bss)
    huart1                                   0x20000890   Data          64  usart.o(.bss)
    param                                    0x200008d0   Data          40  main.o(.bss)
    received_cmd                             0x200008f8   Data          30  main.o(.bss)
    hspi1                                    0x20000918   Data          88  spi.o(.bss)
    __heap_base                              0x20000970   Data           0  startup_stm32f429xx.o(HEAP)
    __heap_limit                             0x20000b70   Data           0  startup_stm32f429xx.o(HEAP)
    __initial_sp                             0x20000f70   Data           0  startup_stm32f429xx.o(STACK)



==============================================================================

Memory Map of the image

  Image Entry point : 0x080001ad

  Load Region LR_IROM1 (Base: 0x08000000, Size: 0x0000e13c, Max: 0x00100000, ABSOLUTE, COMPRESSED[0x0000dd74])

    Execution Region ER_IROM1 (Exec base: 0x08000000, Load base: 0x08000000, Size: 0x0000dabc, Max: 0x00100000, ABSOLUTE)

    Exec Addr    Load Addr    Size         Type   Attr      Idx    E Section Name        Object

    0x08000000   0x08000000   0x000001ac   Data   RO         1860    RESET               startup_stm32f429xx.o
    0x080001ac   0x080001ac   0x00000000   Code   RO         3849  * .ARM.Collect$$$$00000000  mc_w.l(entry.o)
    0x080001ac   0x080001ac   0x00000004   Code   RO         4177    .ARM.Collect$$$$00000001  mc_w.l(entry2.o)
    0x080001b0   0x080001b0   0x00000004   Code   RO         4180    .ARM.Collect$$$$00000004  mc_w.l(entry5.o)
    0x080001b4   0x080001b4   0x00000000   Code   RO         4182    .ARM.Collect$$$$00000008  mc_w.l(entry7b.o)
    0x080001b4   0x080001b4   0x00000000   Code   RO         4184    .ARM.Collect$$$$0000000A  mc_w.l(entry8b.o)
    0x080001b4   0x080001b4   0x00000008   Code   RO         4185    .ARM.Collect$$$$0000000B  mc_w.l(entry9a.o)
    0x080001bc   0x080001bc   0x00000000   Code   RO         4187    .ARM.Collect$$$$0000000D  mc_w.l(entry10a.o)
    0x080001bc   0x080001bc   0x00000000   Code   RO         4189    .ARM.Collect$$$$0000000F  mc_w.l(entry11a.o)
    0x080001bc   0x080001bc   0x00000004   Code   RO         4178    .ARM.Collect$$$$00002712  mc_w.l(entry2.o)
    0x080001c0   0x080001c0   0x00000024   Code   RO         1861    .text               startup_stm32f429xx.o
    0x080001e4   0x080001e4   0x00000062   Code   RO         3852    .text               mc_w.l(uldiv.o)
    0x08000246   0x08000246   0x00000020   Code   RO         3854    .text               mc_w.l(llushr.o)
    0x08000266   0x08000266   0x00000024   Code   RO         3856    .text               mc_w.l(memcpya.o)
    0x0800028a   0x0800028a   0x00000024   Code   RO         3858    .text               mc_w.l(memseta.o)
    0x080002ae   0x080002ae   0x0000014e   Code   RO         4161    .text               mf_w.l(dadd.o)
    0x080003fc   0x080003fc   0x000000e4   Code   RO         4163    .text               mf_w.l(dmul.o)
    0x080004e0   0x080004e0   0x0000001a   Code   RO         4167    .text               mf_w.l(dfltui.o)
    0x080004fa   0x080004fa   0x0000003e   Code   RO         4169    .text               mf_w.l(dfixi.o)
    0x08000538   0x08000538   0x00000032   Code   RO         4171    .text               mf_w.l(dfixui.o)
    0x0800056a   0x0800056a   0x00000030   Code   RO         4173    .text               mf_w.l(dfixul.o)
    0x0800059a   0x0800059a   0x00000002   PAD
    0x0800059c   0x0800059c   0x00000030   Code   RO         4175    .text               mf_w.l(cdcmple.o)
    0x080005cc   0x080005cc   0x0000001e   Code   RO         4194    .text               mc_w.l(llshl.o)
    0x080005ea   0x080005ea   0x00000024   Code   RO         4196    .text               mc_w.l(llsshr.o)
    0x0800060e   0x0800060e   0x00000040   Code   RO         4211    .text               mc_w.l(_sgetc.o)
    0x0800064e   0x0800064e   0x00000002   PAD
    0x08000650   0x08000650   0x0000009c   Code   RO         4213    .text               mc_w.l(strtod.o)
    0x080006ec   0x080006ec   0x00000000   Code   RO         4215    .text               mc_w.l(iusefp.o)
    0x080006ec   0x080006ec   0x000000ba   Code   RO         4216    .text               mf_w.l(depilogue.o)
    0x080007a6   0x080007a6   0x000000de   Code   RO         4218    .text               mf_w.l(ddiv.o)
    0x08000884   0x08000884   0x00000024   Code   RO         4222    .text               mc_w.l(init.o)
    0x080008a8   0x080008a8   0x0000000a   Code   RO         4224    .text               mc_w.l(isspace_c.o)
    0x080008b2   0x080008b2   0x00000002   PAD
    0x080008b4   0x080008b4   0x00000360   Code   RO         4228    .text               mc_w.l(scanf_fp.o)
    0x08000c14   0x08000c14   0x00000028   Code   RO         4232    .text               mc_w.l(ctype_c.o)
    0x08000c3c   0x08000c3c   0x00000018   Code   RO         4235    .text               mf_w.l(dfltul.o)
    0x08000c54   0x08000c54   0x00000038   Code   RO         4237    .text               mf_w.l(d2f.o)
    0x08000c8c   0x08000c8c   0x0000006e   Code   RO         4239    .text               mf_w.l(fepilogue.o)
    0x08000cfa   0x08000cfa   0x0000005e   Code   RO         4249    .text               mc_w.l(__dclz77c.o)
    0x08000d58   0x08000d58   0x0000003c   Code   RO         1930    i.Ad9361Reset       gpio.o
    0x08000d94   0x08000d94   0x00000002   Code   RO         1963    i.BusFault_Handler  stm32f4xx_it.o
    0x08000d96   0x08000d96   0x00000002   Code   RO         1964    i.DebugMon_Handler  stm32f4xx_it.o
    0x08000d98   0x08000d98   0x00000002   Code   RO         3410    i.ERR_PTR           util.o
    0x08000d9a   0x08000d9a   0x00000024   Code   RO          799    i.HAL_DMA_Abort_IT  stm32f4xx_hal_dma.o
    0x08000dbe   0x08000dbe   0x0000001c   Code   RO          530    i.HAL_Delay         stm32f4xx_hal.o
    0x08000dda   0x08000dda   0x00000002   PAD
    0x08000ddc   0x08000ddc   0x000001cc   Code   RO          691    i.HAL_GPIO_Init     stm32f4xx_hal_gpio.o
    0x08000fa8   0x08000fa8   0x0000000a   Code   RO          693    i.HAL_GPIO_ReadPin  stm32f4xx_hal_gpio.o
    0x08000fb2   0x08000fb2   0x0000000a   Code   RO          695    i.HAL_GPIO_WritePin  stm32f4xx_hal_gpio.o
    0x08000fbc   0x08000fbc   0x0000000c   Code   RO          538    i.HAL_GetTick       stm32f4xx_hal.o
    0x08000fc8   0x08000fc8   0x00000010   Code   RO          540    i.HAL_IncTick       stm32f4xx_hal.o
    0x08000fd8   0x08000fd8   0x00000034   Code   RO          541    i.HAL_Init          stm32f4xx_hal.o
    0x0800100c   0x0800100c   0x00000028   Code   RO          542    i.HAL_InitTick      stm32f4xx_hal.o
    0x08001034   0x08001034   0x00000058   Code   RO         1906    i.HAL_MspInit       stm32f4xx_hal_msp.o
    0x0800108c   0x0800108c   0x00000016   Code   RO          942    i.HAL_NVIC_EnableIRQ  stm32f4xx_hal_cortex.o
    0x080010a2   0x080010a2   0x00000002   PAD
    0x080010a4   0x080010a4   0x00000040   Code   RO          948    i.HAL_NVIC_SetPriority  stm32f4xx_hal_cortex.o
    0x080010e4   0x080010e4   0x00000024   Code   RO          949    i.HAL_NVIC_SetPriorityGrouping  stm32f4xx_hal_cortex.o
    0x08001108   0x08001108   0x00000070   Code   RO         1753    i.HAL_PWREx_EnableOverDrive  stm32f4xx_hal_pwr_ex.o
    0x08001178   0x08001178   0x00000130   Code   RO         1329    i.HAL_RCC_ClockConfig  stm32f4xx_hal_rcc.o
    0x080012a8   0x080012a8   0x0000000c   Code   RO         1334    i.HAL_RCC_GetHCLKFreq  stm32f4xx_hal_rcc.o
    0x080012b4   0x080012b4   0x00000020   Code   RO         1336    i.HAL_RCC_GetPCLK1Freq  stm32f4xx_hal_rcc.o
    0x080012d4   0x080012d4   0x00000020   Code   RO         1337    i.HAL_RCC_GetPCLK2Freq  stm32f4xx_hal_rcc.o
    0x080012f4   0x080012f4   0x00000064   Code   RO         1338    i.HAL_RCC_GetSysClockFreq  stm32f4xx_hal_rcc.o
    0x08001358   0x08001358   0x000002f0   Code   RO         1341    i.HAL_RCC_OscConfig  stm32f4xx_hal_rcc.o
    0x08001648   0x08001648   0x00000080   Code   RO         1441    i.HAL_SPI_Init      stm32f4xx_hal_spi.o
    0x080016c8   0x080016c8   0x0000004c   Code   RO         2187    i.HAL_SPI_MspInit   spi.o
    0x08001714   0x08001714   0x00000150   Code   RO         1444    i.HAL_SPI_Receive   stm32f4xx_hal_spi.o
    0x08001864   0x08001864   0x00000168   Code   RO         1449    i.HAL_SPI_Transmit  stm32f4xx_hal_spi.o
    0x080019cc   0x080019cc   0x000001d8   Code   RO         1450    i.HAL_SPI_TransmitReceive  stm32f4xx_hal_spi.o
    0x08001ba4   0x08001ba4   0x00000018   Code   RO          951    i.HAL_SYSTICK_CLKSourceConfig  stm32f4xx_hal_cortex.o
    0x08001bbc   0x08001bbc   0x00000002   Code   RO          952    i.HAL_SYSTICK_Callback  stm32f4xx_hal_cortex.o
    0x08001bbe   0x08001bbe   0x00000028   Code   RO          953    i.HAL_SYSTICK_Config  stm32f4xx_hal_cortex.o
    0x08001be6   0x08001be6   0x00000008   Code   RO          954    i.HAL_SYSTICK_IRQHandler  stm32f4xx_hal_cortex.o
    0x08001bee   0x08001bee   0x00000002   Code   RO          218    i.HAL_UART_ErrorCallback  stm32f4xx_hal_uart.o
    0x08001bf0   0x08001bf0   0x0000000a   Code   RO          220    i.HAL_UART_GetState  stm32f4xx_hal_uart.o
    0x08001bfa   0x08001bfa   0x00000002   PAD
    0x08001bfc   0x08001bfc   0x00000110   Code   RO          221    i.HAL_UART_IRQHandler  stm32f4xx_hal_uart.o
    0x08001d0c   0x08001d0c   0x00000062   Code   RO          222    i.HAL_UART_Init     stm32f4xx_hal_uart.o
    0x08001d6e   0x08001d6e   0x00000002   PAD
    0x08001d70   0x08001d70   0x0000004c   Code   RO         2053    i.HAL_UART_MspInit  usart.o
    0x08001dbc   0x08001dbc   0x00000048   Code   RO          227    i.HAL_UART_Receive_IT  stm32f4xx_hal_uart.o
    0x08001e04   0x08001e04   0x00000058   Code   RO         2054    i.HAL_UART_RxCpltCallback  usart.o
    0x08001e5c   0x08001e5c   0x000000ba   Code   RO          230    i.HAL_UART_Transmit  stm32f4xx_hal_uart.o
    0x08001f16   0x08001f16   0x00000002   Code   RO          233    i.HAL_UART_TxCpltCallback  stm32f4xx_hal_uart.o
    0x08001f18   0x08001f18   0x00000044   Code   RO         1965    i.HardFault_Handler  stm32f4xx_it.o
    0x08001f5c   0x08001f5c   0x00000084   Code   RO         1931    i.MX_GPIO_Init      gpio.o
    0x08001fe0   0x08001fe0   0x00000058   Code   RO         2188    i.MX_SPI1_Init      spi.o
    0x08002038   0x08002038   0x00000064   Code   RO         2055    i.MX_USART1_UART_Init  usart.o
    0x0800209c   0x0800209c   0x00000002   Code   RO         1966    i.MemManage_Handler  stm32f4xx_it.o
    0x0800209e   0x0800209e   0x00000002   Code   RO         1967    i.NMI_Handler       stm32f4xx_it.o
    0x080020a0   0x080020a0   0x00000020   Code   RO          955    i.NVIC_SetPriority  stm32f4xx_hal_cortex.o
    0x080020c0   0x080020c0   0x00000002   Code   RO         1968    i.PendSV_Handler    stm32f4xx_it.o
    0x080020c2   0x080020c2   0x00000020   Code   RO         1465    i.SPI_CheckFlag_BSY  stm32f4xx_hal_spi.o
    0x080020e2   0x080020e2   0x00000096   Code   RO         1483    i.SPI_WaitFlagStateUntilTimeout  stm32f4xx_hal_spi.o
    0x08002178   0x08002178   0x00000002   Code   RO         1969    i.SVC_Handler       stm32f4xx_it.o
    0x0800217a   0x0800217a   0x0000000e   Code   RO         1970    i.SysTick_Handler   stm32f4xx_it.o
    0x08002188   0x08002188   0x000000a4   Code   RO         2106    i.SystemClock_Config  main.o
    0x0800222c   0x0800222c   0x00000054   Code   RO         1869    i.SystemInit        system_stm32f4xx.o
    0x08002280   0x08002280   0x00000010   Code   RO          235    i.UART_DMAAbortOnError  stm32f4xx_hal_uart.o
    0x08002290   0x08002290   0x0000001c   Code   RO          245    i.UART_EndRxTransfer  stm32f4xx_hal_uart.o
    0x080022ac   0x080022ac   0x0000008c   Code   RO          247    i.UART_Receive_IT   stm32f4xx_hal_uart.o
    0x08002338   0x08002338   0x000002ac   Code   RO          248    i.UART_SetConfig    stm32f4xx_hal_uart.o
    0x080025e4   0x080025e4   0x00000062   Code   RO          249    i.UART_Transmit_IT  stm32f4xx_hal_uart.o
    0x08002646   0x08002646   0x00000064   Code   RO          250    i.UART_WaitOnFlagUntilTimeout  stm32f4xx_hal_uart.o
    0x080026aa   0x080026aa   0x00000002   PAD
    0x080026ac   0x080026ac   0x00000054   Code   RO         1971    i.USART1_IRQHandler  stm32f4xx_it.o
    0x08002700   0x08002700   0x00000002   Code   RO         1972    i.UsageFault_Handler  stm32f4xx_it.o
    0x08002702   0x08002702   0x00000002   Code   RO         2107    i._Error_Handler    main.o
    0x08002704   0x08002704   0x00000020   Code   RO         4001    i.__0printf$5       mc_w.l(printf5.o)
    0x08002724   0x08002724   0x00000026   Code   RO         2275    i.__ad9361_spi_readf  ad9361.o
    0x0800274a   0x0800274a   0x00000040   Code   RO         2276    i.__ad9361_spi_writef  ad9361.o
    0x0800278a   0x0800278a   0x00000064   Code   RO         2277    i.__ad9361_tx_quad_calib  ad9361.o
    0x080027ee   0x080027ee   0x00000002   PAD
    0x080027f0   0x080027f0   0x0000008c   Code   RO         2278    i.__ad9361_update_rf_bandwidth  ad9361.o
    0x0800287c   0x0800287c   0x00000004   PAD
    0x08002880   0x08002880   0x00000038   Code   RO         3843    i.__hardfp_atof     m_wm.l(atof.o)
    0x080028b8   0x080028b8   0x0000000c   Code   RO         4201    i.__read_errno      mc_w.l(errno.o)
    0x080028c4   0x080028c4   0x0000000e   Code   RO         4243    i.__scatterload_copy  mc_w.l(handlers.o)
    0x080028d2   0x080028d2   0x00000002   Code   RO         4244    i.__scatterload_null  mc_w.l(handlers.o)
    0x080028d4   0x080028d4   0x0000000e   Code   RO         4245    i.__scatterload_zeroinit  mc_w.l(handlers.o)
    0x080028e2   0x080028e2   0x00000002   PAD
    0x080028e4   0x080028e4   0x0000000c   Code   RO         4202    i.__set_errno       mc_w.l(errno.o)
    0x080028f0   0x080028f0   0x0000000e   Code   RO         4230    i._is_digit         mc_w.l(scanf_fp.o)
    0x080028fe   0x080028fe   0x00000002   PAD
    0x08002900   0x08002900   0x000002c0   Code   RO         4008    i._printf_core      mc_w.l(printf5.o)
    0x08002bc0   0x08002bc0   0x000000a0   Code   RO         2279    i.ad9361_1rx1tx_channel_map  ad9361.o
    0x08002c60   0x08002c60   0x00000098   Code   RO         2280    i.ad9361_auxadc_setup  ad9361.o
    0x08002cf8   0x08002cf8   0x000000fc   Code   RO         2282    i.ad9361_auxdac_set  ad9361.o
    0x08002df4   0x08002df4   0x000000b8   Code   RO         2283    i.ad9361_auxdac_setup  ad9361.o
    0x08002eac   0x08002eac   0x00000040   Code   RO         2284    i.ad9361_bbpll_recalc_rate  ad9361.o
    0x08002eec   0x08002eec   0x0000007c   Code   RO         2285    i.ad9361_bbpll_round_rate  ad9361.o
    0x08002f68   0x08002f68   0x00000160   Code   RO         2286    i.ad9361_bbpll_set_rate  ad9361.o
    0x080030c8   0x080030c8   0x00000098   Code   RO         2290    i.ad9361_calc_rfpll_int_divder  ad9361.o
    0x08003160   0x08003160   0x000002d4   Code   RO         2291    i.ad9361_calculate_rf_clock_chain  ad9361.o
    0x08003434   0x08003434   0x00000084   Code   RO         2292    i.ad9361_check_cal_done  ad9361.o
    0x080034b8   0x080034b8   0x00000048   Code   RO         2294    i.ad9361_clk_factor_recalc_rate  ad9361.o
    0x08003500   0x08003500   0x00000070   Code   RO         2295    i.ad9361_clk_factor_round_rate  ad9361.o
    0x08003570   0x08003570   0x0000009c   Code   RO         2296    i.ad9361_clk_factor_set_rate  ad9361.o
    0x0800360c   0x0800360c   0x00000068   Code   RO         2297    i.ad9361_clk_mux_set_parent  ad9361.o
    0x08003674   0x08003674   0x00000118   Code   RO         2298    i.ad9361_clk_register  ad9361.o
    0x0800378c   0x0800378c   0x00000004   Code   RO         3373    i.ad9361_dig_tune   ad9361_conv.o
    0x08003790   0x08003790   0x000000a4   Code   RO         2299    i.ad9361_do_calib_run  ad9361.o
    0x08003834   0x08003834   0x00000020   Code   RO         2300    i.ad9361_en_dis_rx  ad9361.o
    0x08003854   0x08003854   0x00000020   Code   RO         2301    i.ad9361_en_dis_tx  ad9361.o
    0x08003874   0x08003874   0x0000018c   Code   RO         2302    i.ad9361_ensm_force_state  ad9361.o
    0x08003a00   0x08003a00   0x0000001a   Code   RO         2303    i.ad9361_ensm_get_state  ad9361.o
    0x08003a1a   0x08003a1a   0x00000008   Code   RO         2304    i.ad9361_ensm_restore_prev_state  ad9361.o
    0x08003a22   0x08003a22   0x00000002   PAD
    0x08003a24   0x08003a24   0x00000104   Code   RO         2305    i.ad9361_ensm_restore_state  ad9361.o
    0x08003b28   0x08003b28   0x000002fc   Code   RO         2306    i.ad9361_ensm_set_state  ad9361.o
    0x08003e24   0x08003e24   0x0000018c   Code   RO         2308    i.ad9361_fastlock_prepare  ad9361.o
    0x08003fb0   0x08003fb0   0x0000002c   Code   RO         2309    i.ad9361_fastlock_readval  ad9361.o
    0x08003fdc   0x08003fdc   0x00000050   Code   RO         2313    i.ad9361_find_opt   ad9361.o
    0x0800402c   0x0800402c   0x00000008   Code   RO         2314    i.ad9361_from_clk   ad9361.o
    0x08004034   0x08004034   0x0000078e   Code   RO         2315    i.ad9361_gc_setup   ad9361.o
    0x080047c2   0x080047c2   0x00000002   PAD
    0x080047c4   0x080047c4   0x00000230   Code   RO         2316    i.ad9361_gc_update  ad9361.o
    0x080049f4   0x080049f4   0x00000160   Code   RO         2321    i.ad9361_get_clk_scaler  ad9361.o
    0x08004b54   0x08004b54   0x00000076   Code   RO         2322    i.ad9361_get_full_table_gain  ad9361.o
    0x08004bca   0x08004bca   0x00000012   Code   RO         2960    i.ad9361_get_rx_fir_en_dis  ad9361_api.o
    0x08004bdc   0x08004bdc   0x0000010c   Code   RO         2323    i.ad9361_get_rx_gain  ad9361.o
    0x08004ce8   0x08004ce8   0x0000000c   Code   RO         2961    i.ad9361_get_rx_gain_control_mode  ad9361_api.o
    0x08004cf4   0x08004cf4   0x00000018   Code   RO         2962    i.ad9361_get_rx_lo_freq  ad9361_api.o
    0x08004d0c   0x08004d0c   0x0000000a   Code   RO         2965    i.ad9361_get_rx_rf_bandwidth  ad9361_api.o
    0x08004d16   0x08004d16   0x0000002e   Code   RO         2966    i.ad9361_get_rx_rf_gain  ad9361_api.o
    0x08004d44   0x08004d44   0x00000010   Code   RO         2970    i.ad9361_get_rx_sampling_freq  ad9361_api.o
    0x08004d54   0x08004d54   0x000000d8   Code   RO         2324    i.ad9361_get_split_table_gain  ad9361.o
    0x08004e2c   0x08004e2c   0x00000026   Code   RO         2327    i.ad9361_get_tx_atten  ad9361.o
    0x08004e52   0x08004e52   0x00000020   Code   RO         2974    i.ad9361_get_tx_attenuation  ad9361_api.o
    0x08004e72   0x08004e72   0x00000012   Code   RO         2977    i.ad9361_get_tx_fir_en_dis  ad9361_api.o
    0x08004e84   0x08004e84   0x00000018   Code   RO         2978    i.ad9361_get_tx_lo_freq  ad9361_api.o
    0x08004e9c   0x08004e9c   0x0000000a   Code   RO         2980    i.ad9361_get_tx_rf_bandwidth  ad9361_api.o
    0x08004ea6   0x08004ea6   0x00000002   PAD
    0x08004ea8   0x08004ea8   0x00000058   Code   RO         2983    i.ad9361_get_tx_sampling_freq  ad9361_api.o
    0x08004f00   0x08004f00   0x000000cc   Code   RO         2328    i.ad9361_gpo_setup  ad9361.o
    0x08004fcc   0x08004fcc   0x00000028   Code   RO         2329    i.ad9361_gt_tableindex  ad9361.o
    0x08004ff4   0x08004ff4   0x00000d0c   Code   RO         2984    i.ad9361_init       ad9361_api.o
    0x08005d00   0x08005d00   0x00000014   Code   RO         2330    i.ad9361_init_gain_info  ad9361.o
    0x08005d14   0x08005d14   0x0000004a   Code   RO         2331    i.ad9361_init_gain_tables  ad9361.o
    0x08005d5e   0x08005d5e   0x00000002   PAD
    0x08005d60   0x08005d60   0x00000228   Code   RO         2333    i.ad9361_load_fir_filter_coef  ad9361.o
    0x08005f88   0x08005f88   0x000001a0   Code   RO         2334    i.ad9361_load_gt    ad9361.o
    0x08006128   0x08006128   0x000000d0   Code   RO         2335    i.ad9361_load_mixer_gm_subtable  ad9361.o
    0x080061f8   0x080061f8   0x000000e8   Code   RO         2338    i.ad9361_pp_port_setup  ad9361.o
    0x080062e0   0x080062e0   0x00000026   Code   RO         2340    i.ad9361_ref_div_sel  ad9361.o
    0x08006306   0x08006306   0x00000002   PAD
    0x08006308   0x08006308   0x000000ac   Code   RO         2341    i.ad9361_reset      ad9361.o
    0x080063b4   0x080063b4   0x000000dc   Code   RO         2342    i.ad9361_rf_dc_offset_calib  ad9361.o
    0x08006490   0x08006490   0x00000084   Code   RO         2343    i.ad9361_rf_port_setup  ad9361.o
    0x08006514   0x08006514   0x0000000e   Code   RO         2344    i.ad9361_rfpll_dummy_recalc_rate  ad9361.o
    0x08006522   0x08006522   0x00000010   Code   RO         2345    i.ad9361_rfpll_dummy_set_rate  ad9361.o
    0x08006532   0x08006532   0x00000002   PAD
    0x08006534   0x08006534   0x0000015c   Code   RO         2346    i.ad9361_rfpll_int_recalc_rate  ad9361.o
    0x08006690   0x08006690   0x00000060   Code   RO         2347    i.ad9361_rfpll_int_round_rate  ad9361.o
    0x080066f0   0x080066f0   0x0000025c   Code   RO         2348    i.ad9361_rfpll_int_set_rate  ad9361.o
    0x0800694c   0x0800694c   0x00000052   Code   RO         2349    i.ad9361_rfpll_recalc_rate  ad9361.o
    0x0800699e   0x0800699e   0x00000072   Code   RO         2350    i.ad9361_rfpll_round_rate  ad9361.o
    0x08006a10   0x08006a10   0x0000010c   Code   RO         2351    i.ad9361_rfpll_set_rate  ad9361.o
    0x08006b1c   0x08006b1c   0x0000021c   Code   RO         2352    i.ad9361_rfpll_vco_init  ad9361.o
    0x08006d38   0x08006d38   0x000001f8   Code   RO         2354    i.ad9361_rssi_setup  ad9361.o
    0x08006f30   0x08006f30   0x00000054   Code   RO         2355    i.ad9361_run_calibration  ad9361.o
    0x08006f84   0x08006f84   0x000006fc   Code   RO         2356    i.ad9361_rx_adc_setup  ad9361.o
    0x08007680   0x08007680   0x00000140   Code   RO         2357    i.ad9361_rx_bb_analog_filter_calib  ad9361.o
    0x080077c0   0x080077c0   0x00000154   Code   RO         2358    i.ad9361_rx_tia_calib  ad9361.o
    0x08007914   0x08007914   0x0000025a   Code   RO         2359    i.ad9361_set_clk_scaler  ad9361.o
    0x08007b6e   0x08007b6e   0x00000002   PAD
    0x08007b70   0x08007b70   0x00000068   Code   RO         2360    i.ad9361_set_dcxo_tune  ad9361.o
    0x08007bd8   0x08007bd8   0x0000006a   Code   RO         2361    i.ad9361_set_ensm_mode  ad9361.o
    0x08007c42   0x08007c42   0x00000002   PAD
    0x08007c44   0x08007c44   0x0000014c   Code   RO         2362    i.ad9361_set_gain_ctrl_mode  ad9361.o
    0x08007d90   0x08007d90   0x00000026   Code   RO         2993    i.ad9361_set_rx_fir_config  ad9361_api.o
    0x08007db6   0x08007db6   0x00000002   PAD
    0x08007db8   0x08007db8   0x00000030   Code   RO         2994    i.ad9361_set_rx_fir_en_dis  ad9361_api.o
    0x08007de8   0x08007de8   0x000000e8   Code   RO         2363    i.ad9361_set_rx_gain  ad9361.o
    0x08007ed0   0x08007ed0   0x00000030   Code   RO         2995    i.ad9361_set_rx_gain_control_mode  ad9361_api.o
    0x08007f00   0x08007f00   0x0000001c   Code   RO         2996    i.ad9361_set_rx_lo_freq  ad9361_api.o
    0x08007f1c   0x08007f1c   0x00000024   Code   RO         2999    i.ad9361_set_rx_rf_bandwidth  ad9361_api.o
    0x08007f40   0x08007f40   0x0000002c   Code   RO         3000    i.ad9361_set_rx_rf_gain  ad9361_api.o
    0x08007f6c   0x08007f6c   0x00000032   Code   RO         3003    i.ad9361_set_rx_sampling_freq  ad9361_api.o
    0x08007f9e   0x08007f9e   0x00000002   PAD
    0x08007fa0   0x08007fa0   0x000001d0   Code   RO         2364    i.ad9361_set_trx_clock_chain  ad9361.o
    0x08008170   0x08008170   0x000000d4   Code   RO         2366    i.ad9361_set_tx_atten  ad9361.o
    0x08008244   0x08008244   0x0000003c   Code   RO         3007    i.ad9361_set_tx_attenuation  ad9361_api.o
    0x08008280   0x08008280   0x00000022   Code   RO         3009    i.ad9361_set_tx_fir_config  ad9361_api.o
    0x080082a2   0x080082a2   0x00000002   PAD
    0x080082a4   0x080082a4   0x00000030   Code   RO         3010    i.ad9361_set_tx_fir_en_dis  ad9361_api.o
    0x080082d4   0x080082d4   0x0000001c   Code   RO         3011    i.ad9361_set_tx_lo_freq  ad9361_api.o
    0x080082f0   0x080082f0   0x00000024   Code   RO         3013    i.ad9361_set_tx_rf_bandwidth  ad9361_api.o
    0x08008314   0x08008314   0x00000032   Code   RO         3015    i.ad9361_set_tx_sampling_freq  ad9361_api.o
    0x08008346   0x08008346   0x00000002   PAD
    0x08008348   0x08008348   0x000007c0   Code   RO         2367    i.ad9361_setup      ad9361.o
    0x08008b08   0x08008b08   0x00000014   Code   RO         2368    i.ad9361_spi_read   ad9361.o
    0x08008b1c   0x08008b1c   0x00000060   Code   RO         2369    i.ad9361_spi_readm  ad9361.o
    0x08008b7c   0x08008b7c   0x00000054   Code   RO         2370    i.ad9361_spi_write  ad9361.o
    0x08008bd0   0x08008bd0   0x0000007c   Code   RO         2371    i.ad9361_spi_writem  ad9361.o
    0x08008c4c   0x08008c4c   0x0000008c   Code   RO         2372    i.ad9361_synth_lo_powerdown  ad9361.o
    0x08008cd8   0x08008cd8   0x00000008   Code   RO         2373    i.ad9361_to_clk     ad9361.o
    0x08008ce0   0x08008ce0   0x00000032   Code   RO         2374    i.ad9361_to_refclk_scaler  ad9361.o
    0x08008d12   0x08008d12   0x00000002   PAD
    0x08008d14   0x08008d14   0x000000f4   Code   RO         2375    i.ad9361_tracking_control  ad9361.o
    0x08008e08   0x08008e08   0x00000190   Code   RO         2376    i.ad9361_trx_ext_lo_control  ad9361.o
    0x08008f98   0x08008f98   0x00000054   Code   RO         2377    i.ad9361_trx_vco_cal_control  ad9361.o
    0x08008fec   0x08008fec   0x000000c8   Code   RO         2378    i.ad9361_tx_bb_analog_filter_calib  ad9361.o
    0x080090b4   0x080090b4   0x00000128   Code   RO         2379    i.ad9361_tx_bb_second_filter_calib  ad9361.o
    0x080091dc   0x080091dc   0x00000480   Code   RO         2381    i.ad9361_tx_quad_calib  ad9361.o
    0x0800965c   0x0800965c   0x0000009c   Code   RO         2382    i.ad9361_tx_quad_phase_search  ad9361.o
    0x080096f8   0x080096f8   0x00000078   Code   RO         2383    i.ad9361_txmon_control  ad9361.o
    0x08009770   0x08009770   0x000000c4   Code   RO         2384    i.ad9361_txmon_setup  ad9361.o
    0x08009834   0x08009834   0x00000120   Code   RO         2385    i.ad9361_txrx_synth_cp_calib  ad9361.o
    0x08009954   0x08009954   0x00000062   Code   RO         2386    i.ad9361_update_rf_bandwidth  ad9361.o
    0x080099b6   0x080099b6   0x00000002   PAD
    0x080099b8   0x080099b8   0x00000304   Code   RO         2387    i.ad9361_validate_enable_fir  ad9361.o
    0x08009cbc   0x08009cbc   0x00000028   Code   RO         2388    i.ad9361_validate_rf_bw  ad9361.o
    0x08009ce4   0x08009ce4   0x00000044   Code   RO         2389    i.ad9361_validate_rfpll  ad9361.o
    0x08009d28   0x08009d28   0x000000c8   Code   RO         2390    i.ad9361_validate_trx_clock_chain  ad9361.o
    0x08009df0   0x08009df0   0x00000078   Code   RO         3411    i.clk_get_rate      util.o
    0x08009e68   0x08009e68   0x00000004   Code   RO         3412    i.clk_prepare_enable  util.o
    0x08009e6c   0x08009e6c   0x0000020e   Code   RO         3413    i.clk_set_rate      util.o
    0x0800a07a   0x0800a07a   0x00000002   PAD
    0x0800a07c   0x0800a07c   0x00000218   Code   RO         3761    i.console_check_commands  console.o
    0x0800a294   0x0800a294   0x00000098   Code   RO         3762    i.console_get_command  console.o
    0x0800a32c   0x0800a32c   0x000001ac   Code   RO         3764    i.console_print     console.o
    0x0800a4d8   0x0800a4d8   0x00000014   Code   RO         2230    i.delay_init        delay.o
    0x0800a4ec   0x0800a4ec   0x00000034   Code   RO         2232    i.delay_us          delay.o
    0x0800a520   0x0800a520   0x00000016   Code   RO         3414    i.do_div            util.o
    0x0800a536   0x0800a536   0x00000030   Code   RO         3415    i.find_first_bit    util.o
    0x0800a566   0x0800a566   0x00000002   PAD
    0x0800a568   0x0800a568   0x00000018   Code   RO         2056    i.fputc             usart.o
    0x0800a580   0x0800a580   0x00000050   Code   RO         4129    i.free              mc_w.l(malloc.o)
    0x0800a5d0   0x0800a5d0   0x0000004c   Code   RO         3560    i.get_help          command.o
    0x0800a61c   0x0800a61c   0x0000004c   Code   RO         3561    i.get_register      command.o
    0x0800a668   0x0800a668   0x00000034   Code   RO         3562    i.get_rx1_gc_mode   command.o
    0x0800a69c   0x0800a69c   0x00000030   Code   RO         3563    i.get_rx1_rf_gain   command.o
    0x0800a6cc   0x0800a6cc   0x00000034   Code   RO         3564    i.get_rx2_gc_mode   command.o
    0x0800a700   0x0800a700   0x00000030   Code   RO         3565    i.get_rx2_rf_gain   command.o
    0x0800a730   0x0800a730   0x0000002c   Code   RO         3566    i.get_rx_fir_en     command.o
    0x0800a75c   0x0800a75c   0x00000040   Code   RO         3567    i.get_rx_lo_freq    command.o
    0x0800a79c   0x0800a79c   0x00000034   Code   RO         3568    i.get_rx_rf_bandwidth  command.o
    0x0800a7d0   0x0800a7d0   0x00000030   Code   RO         3569    i.get_rx_samp_freq  command.o
    0x0800a800   0x0800a800   0x00000034   Code   RO         3570    i.get_tx1_attenuation  command.o
    0x0800a834   0x0800a834   0x00000070   Code   RO         3571    i.get_tx2_attenuation  command.o
    0x0800a8a4   0x0800a8a4   0x0000002c   Code   RO         3572    i.get_tx_fir_en     command.o
    0x0800a8d0   0x0800a8d0   0x00000040   Code   RO         3573    i.get_tx_lo_freq    command.o
    0x0800a910   0x0800a910   0x00000034   Code   RO         3574    i.get_tx_rf_bandwidth  command.o
    0x0800a944   0x0800a944   0x00000030   Code   RO         3575    i.get_tx_samp_freq  command.o
    0x0800a974   0x0800a974   0x00000002   Code   RO         3474    i.gpio_direction    platform.o
    0x0800a976   0x0800a976   0x00000002   Code   RO         3475    i.gpio_init         platform.o
    0x0800a978   0x0800a978   0x00000064   Code   RO         3416    i.ilog2             util.o
    0x0800a9dc   0x0800a9dc   0x00000022   Code   RO         3417    i.int_sqrt          util.o
    0x0800a9fe   0x0800a9fe   0x00000002   PAD
    0x0800aa00   0x0800aa00   0x00000060   Code   RO         3765    i.int_to_str        console.o
    0x0800aa60   0x0800aa60   0x000001c8   Code   RO         2108    i.main              main.o
    0x0800ac28   0x0800ac28   0x0000006c   Code   RO         4130    i.malloc            mc_w.l(malloc.o)
    0x0800ac94   0x0800ac94   0x00000004   Code   RO         3478    i.mdelay            platform.o
    0x0800ac98   0x0800ac98   0x000002d4   Code   RO         2391    i.register_clocks   ad9361.o
    0x0800af6c   0x0800af6c   0x000000f4   Code   RO         2392    i.set_full_table_gain  ad9361.o
    0x0800b060   0x0800b060   0x0000004c   Code   RO         3576    i.set_rx1_gc_mode   command.o
    0x0800b0ac   0x0800b0ac   0x0000004c   Code   RO         3577    i.set_rx1_rf_gain   command.o
    0x0800b0f8   0x0800b0f8   0x0000004c   Code   RO         3578    i.set_rx2_gc_mode   command.o
    0x0800b144   0x0800b144   0x0000004c   Code   RO         3579    i.set_rx2_rf_gain   command.o
    0x0800b190   0x0800b190   0x00000048   Code   RO         3580    i.set_rx_fir_en     command.o
    0x0800b1d8   0x0800b1d8   0x00000068   Code   RO         3581    i.set_rx_lo_freq    command.o
    0x0800b240   0x0800b240   0x00000050   Code   RO         3582    i.set_rx_rf_bandwidth  command.o
    0x0800b290   0x0800b290   0x00000050   Code   RO         3583    i.set_rx_samp_freq  command.o
    0x0800b2e0   0x0800b2e0   0x000001fc   Code   RO         2393    i.set_split_table_gain  ad9361.o
    0x0800b4dc   0x0800b4dc   0x00000050   Code   RO         3584    i.set_tx1_attenuation  command.o
    0x0800b52c   0x0800b52c   0x00000050   Code   RO         3585    i.set_tx2_attenuation  command.o
    0x0800b57c   0x0800b57c   0x00000048   Code   RO         3586    i.set_tx_fir_en     command.o
    0x0800b5c4   0x0800b5c4   0x00000068   Code   RO         3587    i.set_tx_lo_freq    command.o
    0x0800b62c   0x0800b62c   0x0000002c   Code   RO         3588    i.set_tx_rf_bandwidth  command.o
    0x0800b658   0x0800b658   0x00000050   Code   RO         3589    i.set_tx_samp_freq  command.o
    0x0800b6a8   0x0800b6a8   0x00000060   Code   RO         3590    i.show_invalid_param_message  command.o
    0x0800b708   0x0800b708   0x0000000a   Code   RO         3480    i.spi_init          platform.o
    0x0800b712   0x0800b712   0x00000002   PAD
    0x0800b714   0x0800b714   0x00000064   Code   RO         3481    i.spi_read          platform.o
    0x0800b778   0x0800b778   0x00000064   Code   RO         3482    i.spi_write         platform.o
    0x0800b7dc   0x0800b7dc   0x00000020   Code   RO         3483    i.spi_write_then_read  platform.o
    0x0800b7fc   0x0800b7fc   0x0000000c   Code   RO         3768    i.uart_write_char   console.o
    0x0800b808   0x0800b808   0x00000014   Code   RO         3769    i.uart_write_string  console.o
    0x0800b81c   0x0800b81c   0x00000004   Code   RO         3484    i.udelay            platform.o
    0x0800b820   0x0800b820   0x0000001c   Code   RO         3418    i.zmalloc           util.o
    0x0800b83c   0x0800b83c   0x00000010   Data   RO         1870    .constdata          system_stm32f4xx.o
    0x0800b84c   0x0800b84c   0x00000008   Data   RO         1871    .constdata          system_stm32f4xx.o
    0x0800b854   0x0800b854   0x00000012   Data   RO         1973    .constdata          stm32f4xx_it.o
    0x0800b866   0x0800b866   0x00000002   PAD
    0x0800b868   0x0800b868   0x00001bb9   Data   RO         2396    .constdata          ad9361.o
    0x0800d421   0x0800d421   0x00000001   Data   RO         3591    .constdata          command.o
    0x0800d422   0x0800d422   0x00000040   Data   RO         4233    .constdata          mc_w.l(ctype_c.o)
    0x0800d462   0x0800d462   0x00000002   PAD
    0x0800d464   0x0800d464   0x0000009f   Data   RO         2398    .conststring        ad9361.o
    0x0800d503   0x0800d503   0x00000001   PAD
    0x0800d504   0x0800d504   0x00000595   Data   RO         3592    .conststring        command.o
    0x0800da99   0x0800da99   0x00000003   PAD
    0x0800da9c   0x0800da9c   0x00000020   Data   RO         4241    Region$$Table       anon$$obj.o


    Execution Region RW_IRAM1 (Exec base: 0x20000000, Load base: 0x0800dabc, Size: 0x00000f70, Max: 0x00030000, ABSOLUTE, COMPRESSED[0x000002b8])

    Exec Addr    Load Addr    Size         Type   Attr      Idx    E Section Name        Object

    0x20000000   COMPRESSED   0x00000004   Data   RW          547    .data               stm32f4xx_hal.o
    0x20000004   COMPRESSED   0x00000004   Data   RW         1872    .data               system_stm32f4xx.o
    0x20000008   COMPRESSED   0x00000470   Data   RW         2110    .data               main.o
    0x20000478   COMPRESSED   0x00000004   Data   RW         2233    .data               delay.o
    0x2000047c   COMPRESSED   0x000001e0   Data   RW         3593    .data               command.o
    0x2000065c   COMPRESSED   0x00000011   Data   RW         3770    .data               console.o
    0x2000066d   COMPRESSED   0x00000003   PAD
    0x20000670   COMPRESSED   0x00000004   Data   RW         4191    .data               mc_w.l(stdout.o)
    0x20000674   COMPRESSED   0x00000004   Data   RW         4198    .data               mc_w.l(mvars.o)
    0x20000678   COMPRESSED   0x00000004   Data   RW         4199    .data               mc_w.l(mvars.o)
    0x2000067c   COMPRESSED   0x00000004   Data   RW         4203    .data               mc_w.l(errno.o)
    0x20000680        -       0x00000250   Zero   RW         2057    .bss                usart.o
    0x200008d0        -       0x00000046   Zero   RW         2109    .bss                main.o
    0x20000916   COMPRESSED   0x00000002   PAD
    0x20000918        -       0x00000058   Zero   RW         2189    .bss                spi.o
    0x20000970        -       0x00000200   Zero   RW         1859    HEAP                startup_stm32f429xx.o
    0x20000b70        -       0x00000400   Zero   RW         1858    STACK               startup_stm32f429xx.o


==============================================================================

Image component sizes


      Code (inc. data)   RO Data    RW Data    ZI Data      Debug   Object Name

     26832       5146       7256          0          0     101532   ad9361.o
      4186        288          0          0          0      19986   ad9361_api.o
         4          0          0          0          0        550   ad9361_conv.o
      2128        864       1430        480          0      21037   command.o
      1244        222          0         17          0       6796   console.o
        72          8          0          4          0       1412   delay.o
       192         16          0          0          0       1549   gpio.o
       622        168          0       1136         70      75336   main.o
       254         64          0          0          0       5647   platform.o
       164         38          0          0         88       1725   spi.o
        36          8        428          0       1536        832   startup_stm32f429xx.o
       148         22          0          4          0       4603   stm32f4xx_hal.o
       228         14          0          0          0      32421   stm32f4xx_hal_cortex.o
        36          0          0          0          0       1275   stm32f4xx_hal_dma.o
         0          0          0          0          0     715096   stm32f4xx_hal_flash_ex.o
       480         52          0          0          0       3223   stm32f4xx_hal_gpio.o
        88          0          0          0          0        554   stm32f4xx_hal_msp.o
       112         14          0          0          0       1348   stm32f4xx_hal_pwr_ex.o
      1232         82          0          0          0       5748   stm32f4xx_hal_rcc.o
      1478          0          0          0          0       7134   stm32f4xx_hal_spi.o
      1708         14          0          0          0      10795   stm32f4xx_hal_uart.o
       180         64         18          0          0       5030   stm32f4xx_it.o
        84         18         24          4          0       1243   system_stm32f4xx.o
       288         50          0          0        592       3974   usart.o
       884         40          0          0          0       6572   util.o

    ----------------------------------------------------------------------
     42732       7196       9194       1648       2288    1035418   Object Totals
         0          0         32          0          0          0   (incl. Generated)
        52          4          6          3          2          0   (incl. Padding)

    ----------------------------------------------------------------------

      Code (inc. data)   RO Data    RW Data    ZI Data      Debug   Library Member Name

        56         12          0          0          0        132   atof.o
        94          0          0          0          0          0   __dclz77c.o
        64          0          0          0          0         84   _sgetc.o
        40          6         64          0          0         68   ctype_c.o
         0          0          0          0          0          0   entry.o
         0          0          0          0          0          0   entry10a.o
         0          0          0          0          0          0   entry11a.o
         8          4          0          0          0          0   entry2.o
         4          0          0          0          0          0   entry5.o
         0          0          0          0          0          0   entry7b.o
         0          0          0          0          0          0   entry8b.o
         8          4          0          0          0          0   entry9a.o
        24         12          0          4          0        136   errno.o
        30          0          0          0          0          0   handlers.o
        36          8          0          0          0         68   init.o
        10          0          0          0          0         68   isspace_c.o
         0          0          0          0          0          0   iusefp.o
        30          0          0          0          0         68   llshl.o
        36          0          0          0          0         68   llsshr.o
        32          0          0          0          0         68   llushr.o
       188         20          0          0          0        160   malloc.o
        36          0          0          0          0         68   memcpya.o
        36          0          0          0          0        108   memseta.o
         0          0          0          8          0          0   mvars.o
       736         56          0          0          0        184   printf5.o
       878         12          0          0          0        216   scanf_fp.o
         0          0          0          4          0          0   stdout.o
       156         12          0          0          0        120   strtod.o
        98          0          0          0          0         92   uldiv.o
        48          0          0          0          0         68   cdcmple.o
        56          0          0          0          0         88   d2f.o
       334          0          0          0          0        148   dadd.o
       222          0          0          0          0        100   ddiv.o
       186          0          0          0          0        176   depilogue.o
        62          0          0          0          0         80   dfixi.o
        50          0          0          0          0         76   dfixui.o
        48          0          0          0          0         68   dfixul.o
        26          0          0          0          0         76   dfltui.o
        24          0          0          0          0         76   dfltul.o
       228          0          0          0          0         96   dmul.o
       110          0          0          0          0        168   fepilogue.o

    ----------------------------------------------------------------------
      4004        146         66         16          0       2928   Library Totals
        10          0          2          0          0          0   (incl. Padding)

    ----------------------------------------------------------------------

      Code (inc. data)   RO Data    RW Data    ZI Data      Debug   Library Name

        56         12          0          0          0        132   m_wm.l
      2544        134         64         16          0       1576   mc_w.l
      1394          0          0          0          0       1220   mf_w.l

    ----------------------------------------------------------------------
      4004        146         66         16          0       2928   Library Totals

    ----------------------------------------------------------------------

==============================================================================


      Code (inc. data)   RO Data    RW Data    ZI Data      Debug   

     46736       7342       9260       1664       2288    1013326   Grand Totals
     46736       7342       9260        696       2288    1013326   ELF Image Totals (compressed)
     46736       7342       9260        696          0          0   ROM Totals

==============================================================================

    Total RO  Size (Code + RO Data)                55996 (  54.68kB)
    Total RW  Size (RW Data + ZI Data)              3952 (   3.86kB)
    Total ROM Size (Code + RO Data + RW Data)      56692 (  55.36kB)

==============================================================================

